******************************************************************************
                  MSP430 Linker PC v21.6.1                     
******************************************************************************
>> Linked Tue Dec 20 14:11:51 2022

OUTPUT FILE NAME:   <MZERO_HB50Board.out>
ENTRY POINT SYMBOL: "_c_int00_noargs"  address: 0000616c


MEMORY CONFIGURATION

         name            origin    length      used     unused   attr    fill
----------------------  --------  ---------  --------  --------  ----  --------
  SFR                   00000000   00000010  00000000  00000010  RWIX
  PERIPHERALS_8BIT      00000010   000000f0  00000000  000000f0  RWIX
  PERIPHERALS_16BIT     00000100   00000100  00000000  00000100  RWIX
  INFOD                 00001800   00000080  00000000  00000080  RWIX
  INFOC                 00001880   00000080  00000000  00000080  RWIX
  INFOB                 00001900   00000080  00000000  00000080  RWIX
  INFOA                 00001980   00000080  00000000  00000080  RWIX
  RAM                   00001c00   00004000  000006fc  00003904  RWIX
  FLASH                 00005c00   0000a380  00002072  0000830e  RWIX
  INT00                 0000ff80   00000002  00000000  00000002  RWIX
  INT01                 0000ff82   00000002  00000000  00000002  RWIX
  INT02                 0000ff84   00000002  00000000  00000002  RWIX
  INT03                 0000ff86   00000002  00000000  00000002  RWIX
  INT04                 0000ff88   00000002  00000000  00000002  RWIX
  INT05                 0000ff8a   00000002  00000000  00000002  RWIX
  INT06                 0000ff8c   00000002  00000000  00000002  RWIX
  INT07                 0000ff8e   00000002  00000000  00000002  RWIX
  INT08                 0000ff90   00000002  00000000  00000002  RWIX
  INT09                 0000ff92   00000002  00000000  00000002  RWIX
  INT10                 0000ff94   00000002  00000000  00000002  RWIX
  INT11                 0000ff96   00000002  00000000  00000002  RWIX
  INT12                 0000ff98   00000002  00000000  00000002  RWIX
  INT13                 0000ff9a   00000002  00000000  00000002  RWIX
  INT14                 0000ff9c   00000002  00000000  00000002  RWIX
  INT15                 0000ff9e   00000002  00000000  00000002  RWIX
  INT16                 0000ffa0   00000002  00000000  00000002  RWIX
  INT17                 0000ffa2   00000002  00000000  00000002  RWIX
  INT18                 0000ffa4   00000002  00000000  00000002  RWIX
  INT19                 0000ffa6   00000002  00000000  00000002  RWIX
  INT20                 0000ffa8   00000002  00000000  00000002  RWIX
  INT21                 0000ffaa   00000002  00000000  00000002  RWIX
  INT22                 0000ffac   00000002  00000000  00000002  RWIX
  INT23                 0000ffae   00000002  00000000  00000002  RWIX
  INT24                 0000ffb0   00000002  00000000  00000002  RWIX
  INT25                 0000ffb2   00000002  00000000  00000002  RWIX
  INT26                 0000ffb4   00000002  00000000  00000002  RWIX
  INT27                 0000ffb6   00000002  00000000  00000002  RWIX
  INT28                 0000ffb8   00000002  00000000  00000002  RWIX
  INT29                 0000ffba   00000002  00000000  00000002  RWIX
  INT30                 0000ffbc   00000002  00000000  00000002  RWIX
  INT31                 0000ffbe   00000002  00000000  00000002  RWIX
  INT32                 0000ffc0   00000002  00000000  00000002  RWIX
  INT33                 0000ffc2   00000002  00000000  00000002  RWIX
  INT34                 0000ffc4   00000002  00000000  00000002  RWIX
  INT35                 0000ffc6   00000002  00000000  00000002  RWIX
  INT36                 0000ffc8   00000002  00000000  00000002  RWIX
  INT37                 0000ffca   00000002  00000000  00000002  RWIX
  INT38                 0000ffcc   00000002  00000000  00000002  RWIX
  INT39                 0000ffce   00000002  00000000  00000002  RWIX
  INT40                 0000ffd0   00000002  00000000  00000002  RWIX
  INT41                 0000ffd2   00000002  00000002  00000000  RWIX
  INT42                 0000ffd4   00000002  00000002  00000000  RWIX
  INT43                 0000ffd6   00000002  00000002  00000000  RWIX
  INT44                 0000ffd8   00000002  00000002  00000000  RWIX
  INT45                 0000ffda   00000002  00000002  00000000  RWIX
  INT46                 0000ffdc   00000002  00000002  00000000  RWIX
  INT47                 0000ffde   00000002  00000002  00000000  RWIX
  INT48                 0000ffe0   00000002  00000002  00000000  RWIX
  INT49                 0000ffe2   00000002  00000002  00000000  RWIX
  INT50                 0000ffe4   00000002  00000002  00000000  RWIX
  INT51                 0000ffe6   00000002  00000002  00000000  RWIX
  INT52                 0000ffe8   00000002  00000002  00000000  RWIX
  INT53                 0000ffea   00000002  00000002  00000000  RWIX
  INT54                 0000ffec   00000002  00000002  00000000  RWIX
  INT55                 0000ffee   00000002  00000002  00000000  RWIX
  INT56                 0000fff0   00000002  00000002  00000000  RWIX
  INT57                 0000fff2   00000002  00000002  00000000  RWIX
  INT58                 0000fff4   00000002  00000002  00000000  RWIX
  INT59                 0000fff6   00000002  00000002  00000000  RWIX
  INT60                 0000fff8   00000002  00000002  00000000  RWIX
  INT61                 0000fffa   00000002  00000002  00000000  RWIX
  INT62                 0000fffc   00000002  00000002  00000000  RWIX
  RESET                 0000fffe   00000002  00000002  00000000  RWIX
  FLASH2                00010000   00035bf8  00014994  00021264  RWIX


SECTION ALLOCATION MAP

 output                                  attributes/
section   page    origin      length       input sections
--------  ----  ----------  ----------   ----------------
.bss       0    00001c00    0000051e     UNINITIALIZED
                  00001c00    000000c6     (.common:error_message)
                  00001cc6    00000046     (.common:TxB0Data)
                  00001d0c    00000028     (.common:yFCBTM)
                  00001d34    00000028     (.common:yFCTM)
                  00001d5c    00000028     (.common:yFPTM)
                  00001d84    00000024     (.common:tmpstr)
                  00001da8    00000020     (.common:ADCSamples)
                  00001dc8    0000001c     (.common:TxB1Data)
                  00001de4    00000018     (.common:Serial_Number)
                  00001dfc    00000004     (.common:AA_Batt_V)
                  00001e00    00000004     (.common:Auto_Shutdown_timer)
                  00001e04    00000004     (.common:Auto_restart_V_12_6)
                  00001e08    00000004     (.common:Auto_restart_V_16_8)
                  00001e0c    00000004     (.common:Auto_restart_V_digit1)
                  00001e10    00000004     (.common:Auto_restart_V_digit2)
                  00001e14    00000004     (.common:Auto_restart_V_digit3)
                  00001e18    00000004     (.common:Auto_restart_V_temp)
                  00001e1c    00000004     (.common:Auto_sleep_V)
                  00001e20    00000004     (.common:Auto_sleep_V_12_6)
                  00001e24    00000004     (.common:Auto_sleep_V_16_8)
                  00001e28    00000004     (.common:Auto_sleep_V_digit1)
                  00001e2c    00000004     (.common:Auto_sleep_V_digit2)
                  00001e30    00000004     (.common:Auto_sleep_V_digit3)
                  00001e34    00000004     (.common:Auto_sleep_V_temp)
                  00001e38    00000004     (.common:Battery_V)
                  00001e3c    00000004     (.common:CLtemp_Ceiling)
                  00001e40    00000004     (.common:CO_Batt_V)
                  00001e44    00000004     (.common:Cool_Down_TC1_temp)
                  00001e48    00000004     (.common:Cool_Down_TC2_temp)
                  00001e4c    00000004     (.common:Exhaust_temp)
                  00001e50    00000004     (.common:FCPerror)
                  00001e54    00000004     (.common:FCPerror1)
                  00001e58    00000004     (.common:FCRofst)
                  00001e5c    00000004     (.common:FCTKp)
                  00001e60    00000004     (.common:FC_Burner_Ignite_temp)
                  00001e64    00000004     (.common:FC_Burner_Methanol_flow_gph)
                  00001e68    00000004     (.common:FC_Burner_air)
                  00001e6c    00000004     (.common:FC_Current)
                  00001e70    00000004     (.common:FC_R)
                  00001e74    00000004     (.common:FC_Wh)
                  00001e78    00000004     (.common:FC_burner_temp)
                  00001e7c    00000004     (.common:FC_power)
                  00001e80    00000004     (.common:FC_volts)
                  00001e84    00000004     (.common:FP_Burner_Ignite_temp)
                  00001e88    00000004     (.common:FP_Methanol_flow)
                  00001e8c    00000004     (.common:FP_Methanol_flow_gph)
                  00001e90    00000004     (.common:FP_Water_flow)
                  00001e94    00000004     (.common:FP_Water_flow_gph)
                  00001e98    00000004     (.common:H2_ADJ)
                  00001e9c    00000004     (.common:H2_Util)
                  00001ea0    00000004     (.common:H2_util_wanted)
                  00001ea4    00000004     (.common:Kd)
                  00001ea8    00000004     (.common:Ki)
                  00001eac    00000004     (.common:Kp)
                  00001eb0    00000004     (.common:Load_Current)
                  00001eb4    00000004     (.common:Net_Power_Limit_Max)
                  00001eb8    00000004     (.common:O2_Cons)
                  00001ebc    00000004     (.common:O2_util)
                  00001ec0    00000004     (.common:O2_util_desired)
                  00001ec4    00000004     (.common:O2_util_wanted)
                  00001ec8    00000004     (.common:OutputV_Setpoint)
                  00001ecc    00000004     (.common:Output_volts)
                  00001ed0    00000004     (.common:PRxB0Data)
                  00001ed4    00000004     (.common:PRxB1Data)
                  00001ed8    00000004     (.common:PRxB2Data)
                  00001edc    00000004     (.common:PUMP1_cal)
                  00001ee0    00000004     (.common:PUMP2_cal)
                  00001ee4    00000004     (.common:PUMP3_cal)
                  00001ee8    00000004     (.common:PUMP4_cal)
                  00001eec    00000004     (.common:Power_Ceiling)
                  00001ef0    00000004     (.common:RS_Batt_V)
                  00001ef4    00000004     (.common:Sxx)
                  00001ef8    00000004     (.common:SxxFC)
                  00001efc    00000004     (.common:SxxFCB)
                  00001f00    00000004     (.common:System_V)
                  00001f04    00000004     (.common:Syy)
                  00001f08    00000004     (.common:TC1_bf2_bf3)
                  00001f0c    00000004     (.common:TC1_temp)
                  00001f10    00000004     (.common:TC2_temp)
                  00001f14    00000004     (.common:TC3_temp)
                  00001f18    00000004     (.common:TC4_temp)
                  00001f1c    00000004     (.common:TC5_temp)
                  00001f20    00000004     (.common:TC6_temp)
                  00001f24    00000004     (.common:Tank_Methanol_flow)
                  00001f28    00000004     (.common:Tank_Methanol_flow_gph)
                  00001f2c    00000004     (.common:Vtmp)
                  00001f30    00000004     (.common:Water_Tank_temp)
                  00001f34    00000004     (.common:air)
                  00001f38    00000004     (.common:airA)
                  00001f3c    00000004     (.common:airB)
                  00001f40    00000004     (.common:airflow)
                  00001f44    00000004     (.common:ambient_temp)
                  00001f48    00000004     (.common:avg_FC_power)
                  00001f4c    00000004     (.common:b)
                  00001f50    00000004     (.common:bFC)
                  00001f54    00000004     (.common:bFCB)
                  00001f58    00000004     (.common:boost_fuel_flow)
                  00001f5c    00000004     (.common:burn_stoich)
                  00001f60    00000004     (.common:dterm_FP)
                  00001f64    00000004     (.common:fcvt)
                  00001f68    00000004     (.common:fuel_full)
                  00001f6c    00000004     (.common:fuel_remaining)
                  00001f70    00000004     (.common:heat_counter)
                  00001f74    00000004     (.common:iterm_FP)
                  00001f78    00000004     (.common:load_power)
                  00001f7c    00000004     (.common:maxPIDair)
                  00001f80    00000004     (.common:new_air_flow)
                  00001f84    00000004     (.common:old_air_flow)
                  00001f88    00000004     (.common:old_fuel_flow)
                  00001f8c    00000004     (.common:output_V_ave)
                  00001f90    00000004     (.common:pid_Kd)
                  00001f94    00000004     (.common:pid_Ki)
                  00001f98    00000004     (.common:pid_Kp)
                  00001f9c    00000004     (.common:pterm_FP)
                  00001fa0    00000004     (.common:runtime_remaining)
                  00001fa4    00000004     (.common:shutdown_ave)
                  00001fa8    00000004     (.common:shutdown_power_level_digit1)
                  00001fac    00000004     (.common:shutdown_power_level_digit2)
                  00001fb0    00000004     (.common:shutdown_power_level_digit3)
                  00001fb4    00000004     (.common:shutdown_power_level_temp)
                  00001fb8    00000004     (.common:shutdown_time_temp)
                  00001fbc    00000004     (.common:sum_dispensed)
                  00001fc0    00000004     (.common:sumx)
                  00001fc4    00000004     (.common:sumxx)
                  00001fc8    00000004     (.common:sumxy)
                  00001fcc    00000004     (.common:sumxyFC)
                  00001fd0    00000004     (.common:sumxyFCB)
                  00001fd4    00000004     (.common:sumy)
                  00001fd8    00000004     (.common:sumyFC)
                  00001fdc    00000004     (.common:sumyFCB)
                  00001fe0    00000004     (.common:v1)
                  00001fe4    00000004     (.common:v3)
                  00001fe8    00000002     (.common:ACS)
                  00001fea    00000002     (.common:Altitude)
                  00001fec    00000002     (.common:AmbTemp)
                  00001fee    00000002     (.common:AtRate)
                  00001ff0    00000002     (.common:Auto_restart_V)
                  00001ff2    00000002     (.common:BattRemCap)
                  00001ff4    00000002     (.common:Burner_Failure)
                  00001ff6    00000002     (.common:CS_Failure)
                  00001ff8    00000002     (.common:CartData)
                  00001ffa    00000002     (.common:Cartridge_Enable_Option)
                  00001ffc    00000002     (.common:Cold_Heater)
                  00001ffe    00000002     (.common:Cool_Down_Time)
                  00002000    00000002     (.common:Cool_Down_Timer)
                  00002002    00000002     (.common:CycleCount)
                  00002004    00000002     (.common:DesMaxPwr)
                  00002006    00000002     (.common:DesVolt)
                  00002008    00000002     (.common:Des_Cap)
                  0000200a    00000002     (.common:FCTderivative)
                  0000200c    00000002     (.common:FCTerror)
                  0000200e    00000002     (.common:FCTintegral)
                  00002010    00000002     (.common:FCTprevious_error)
                  00002012    00000002     (.common:FC_A)
                  00002014    00000002     (.common:FC_Burner_Ignite_Failure_timer)
                  00002016    00000002     (.common:FC_FAN_PWM_speed_GUI)
                  00002018    00000002     (.common:FC_Heatup_Failure)
                  0000201a    00000002     (.common:FC_mV)
                  0000201c    00000002     (.common:FC_peak_current)
                  0000201e    00000002     (.common:FP_Burner_Ignite_Failure_timer)
                  00002020    00000002     (.common:FP_Heatup_Failure)
                  00002022    00000002     (.common:FuelPerCent)
                  00002024    00000002     (.common:Fuel_Reversed)
                  00002026    00000002     (.common:Heater_Failure)
                  00002028    00000002     (.common:J)
                  0000202a    00000002     (.common:K)
                  0000202c    00000002     (.common:L)
                  0000202e    00000002     (.common:Load_peak_current)
                  00002030    00000002     (.common:Methanol_lvl)
                  00002032    00000002     (.common:Net_Power_Limit_Max_Option)
                  00002034    00000002     (.common:New_Options)
                  00002036    00000002     (.common:Nmsg)
                  00002038    00000002     (.common:Out_A)
                  0000203a    00000002     (.common:Out_AA)
                  0000203c    00000002     (.common:Out_AAA)
                  0000203e    00000002     (.common:Out_mV)
                  00002040    00000002     (.common:PID_Counter)
                  00002042    00000002     (.common:Pmsg)
                  00002044    00000002     (.common:Pump_Off_Counter)
                  00002046    00000002     (.common:Pump_Startup)
                  00002048    00000002     (.common:RXmsg)
                  0000204a    00000002     (.common:SerialNumber)
                  0000204c    00000002     (.common:Soft_Off)
                  0000204e    00000002     (.common:StartTime)
                  00002050    00000002     (.common:StartTime1)
                  00002052    00000002     (.common:Stime)
                  00002054    00000002     (.common:TC1_int)
                  00002056    00000002     (.common:TC2_int)
                  00002058    00000002     (.common:TCgranular)
                  0000205a    00000002     (.common:TXmsg)
                  0000205c    00000002     (.common:TimeToEmpty)
                  0000205e    00000002     (.common:TimeToEmptyA)
                  00002060    00000002     (.common:Tset)
                  00002062    00000002     (.common:TxB2Data)
                  00002064    00000002     (.common:UGcnt)
                  00002066    00000002     (.common:UGptr)
                  00002068    00000002     (.common:Vers_nu)
                  0000206a    00000002     (.common:Warming_Failure)
                  0000206c    00000002     (.common:Water_lvl)
                  0000206e    00000002     (.common:ab)
                  00002070    00000002     (.common:add_hrs)
                  00002072    00000002     (.common:afc)
                  00002074    00000002     (.common:aircnt)
                  00002076    00000002     (.common:arv)
                  00002078    00000002     (.common:ba)
                  0000207a    00000002     (.common:cnt)
                  0000207c    00000002     (.common:count_v2)
                  0000207e    00000002     (.common:count_v4)
                  00002080    00000002     (.common:ctst)
                  00002082    00000002     (.common:dT2)
                  00002084    00000002     (.common:datarev)
                  00002086    00000002     (.common:err_mess)
                  00002088    00000002     (.common:ext_TC)
                  0000208a    00000002     (.common:fff)
                  0000208c    00000002     (.common:fm)
                  0000208e    00000002     (.common:hrs_runtime)
                  00002090    00000002     (.common:iniStT)
                  00002092    00000002     (.common:lcd)
                  00002094    00000002     (.common:lngth)
                  00002096    00000002     (.common:main_fuel_flow)
                  00002098    00000002     (.common:min_FC_volts)
                  0000209a    00000002     (.common:min_Output_volts)
                  0000209c    00000002     (.common:mode)
                  0000209e    00000002     (.common:modelno)
                  000020a0    00000002     (.common:msgstatus)
                  000020a2    00000002     (.common:nmsg)
                  000020a4    00000002     (.common:on_delay)
                  000020a6    00000002     (.common:one_min_timer)
                  000020a8    00000002     (.common:pmsg)
                  000020aa    00000002     (.common:rewarm)
                  000020ac    00000002     (.common:runtime)
                  000020ae    00000002     (.common:secondary_PumpDrv)
                  000020b0    00000002     (.common:secondary_afc)
                  000020b2    00000002     (.common:shdp)
                  000020b4    00000002     (.common:shdt)
                  000020b6    00000002     (.common:shutdown_power_level)
                  000020b8    00000002     (.common:shutdown_time)
                  000020ba    00000002     (.common:shutdown_time_12_6)
                  000020bc    00000002     (.common:shutdown_time_16_8)
                  000020be    00000002     (.common:shutdown_time_hundred_minutes)
                  000020c0    00000002     (.common:shutdown_time_hundred_minutes_temp)
                  000020c2    00000002     (.common:shutdown_time_one_minutes)
                  000020c4    00000002     (.common:shutdown_time_one_minutes_temp)
                  000020c6    00000002     (.common:shutdown_time_ten_minutes)
                  000020c8    00000002     (.common:shutdown_time_ten_minutes_temp)
                  000020ca    00000002     (.common:spiTXmsg)
                  000020cc    00000002     (.common:status)
                  000020ce    00000002     (.common:tc1)
                  000020d0    00000002     (.common:tc2)
                  000020d2    00000002     (.common:tfcp)
                  000020d4    00000002     (.common:tto)
                  000020d6    00000002     (.common:v2)
                  000020d8    00000002     (.common:v4)
                  000020da    00000002     (.common:wait3sec)
                  000020dc    00000002     (.common:water_level_timer)
                  000020de    00000001     (.common:ADCdone)
                  000020df    00000001     (.common:Atime)
                  000020e0    00000001     (.common:Auto_Restart_Option)
                  000020e1    00000001     (.common:Backlight_is_on_Time)
                  000020e2    00000001     (.common:Battery_On_Output)
                  000020e3    00000001     (.common:Cartridge_Enable)
                  000020e4    00000001     (.common:CommandByte)
                  000020e5    00000001     (.common:FC_At_Temp)
                  000020e6    00000001     (.common:FC_Burner_Ignite_Failure)
                  000020e7    00000001     (.common:FP_Burner_Ignite_Failure)
                  000020e8    00000001     (.common:Fine_Tune_Output)
                  000020e9    00000001     (.common:LCD_Options_Timeout_Timer)
                  000020ea    00000001     (.common:LCDfirsthalf)
                  000020eb    00000001     (.common:LCDline)
                  000020ec    00000001     (.common:LoadShare)
                  000020ed    00000001     (.common:Old_System)
                  000020ee    00000001     (.common:Phone_Mode)
                  000020ef    00000001     (.common:RXByte)
                  000020f0    00000001     (.common:RXByteCtrB0)
                  000020f1    00000001     (.common:RXByteCtrB1)
                  000020f2    00000001     (.common:RXByteCtrB2)
                  000020f3    00000001     (.common:Rdata0)
                  000020f4    00000001     (.common:Rdata0_max)
                  000020f5    00000001     (.common:Rdata0_min)
                  000020f6    00000001     (.common:Save_Settings_Option)
                  000020f7    00000001     (.common:Snorkel_Cartridge)
                  000020f8    00000001     (.common:Start_temp)
                  000020f9    00000001     (.common:Startup_Stage_Page)
                  000020fa    00000001     (.common:SwapCount)
                  000020fb    00000001     (.common:System_TurnOn)
                  000020fc    00000001     (.common:TSOF)
                  000020fd    00000001     (.common:TXByteCtrB0)
                  000020fe    00000001     (.common:TXByteCtrB1)
                  000020ff    00000001     (.common:TXByteCtrB2)
                  00002100    00000001     (.common:Three_Wire_UFC)
                  00002101    00000001     (.common:UFC)
                  00002102    00000001     (.common:USB_Comm)
                  00002103    00000001     (.common:USB_Status)
                  00002104    00000001     (.common:Warming_Mode)
                  00002105    00000001     (.common:Warming_Mode_Option)
                  00002106    00000001     (.common:XRT_Splitter)
                  00002107    00000001     (.common:aa)
                  00002108    00000001     (.common:burner_flag)
                  00002109    00000001     (.common:burner_fuel)
                  0000210a    00000001     (.common:cartread)
                  0000210b    00000001     (.common:cartridge_adapter)
                  0000210c    00000001     (.common:char_col)
                  0000210d    00000001     (.common:chardata)
                  0000210e    00000001     (.common:charpos)
                  0000210f    00000001     (.common:commoTime)
                  00002110    00000001     (.common:commoTime2)
                  00002111    00000001     (.common:commoTime3)
                  00002112    00000001     (.common:err)
                  00002113    00000001     (.common:fuel_gauge_decrement)
                  00002114    00000001     (.common:half_second_timer)
                  00002115    00000001     (.common:limiting)
                  00002116    00000001     (.common:load)
                  00002117    00000001     (.common:page)
                  00002118    00000001     (.common:percent_remaining)
                  00002119    00000001     (.common:pid)
                  0000211a    00000001     (.common:quarter_second_timer)
                  0000211b    00000001     (.common:result)
                  0000211c    00000001     (.common:upgrade)
                  0000211d    00000001     (.common:x)

.data      0    0000211e    0000013e     UNINITIALIZED
                  0000211e    00000070     Timing.obj (.data)
                  0000218e    00000046     pumps.obj (.data)
                  000021d4    0000001d     Fans.obj (.data)
                  000021f1    00000001     Power_Limit.obj (.data)
                  000021f2    0000001c     loadfollow.obj (.data)
                  0000220e    00000014     ISR.obj (.data)
                  00002222    00000010     start.obj (.data)
                  00002232    0000000c     Momentary_Switch.obj (.data)
                  0000223e    00000007     TC_Fault_Check.obj (.data)
                  00002245    00000001     --HOLE--
                  00002246    00000006     Air_Compressors.obj (.data)
                  0000224c    00000006     run.obj (.data)
                  00002252    00000004     LCD_ST7565P.obj (.data)
                  00002256    00000003     Initialize.obj (.data)
                  00002259    00000001     --HOLE--
                  0000225a    00000002     rts430x_lc_rd_eabi.lib : errno.c.obj (.data)

.stack     0    00005b60    000000a0     UNINITIALIZED
                  00005b60    00000004     rts430x_lc_rd_eabi.lib : boot.c.obj (.stack)
                  00005b64    0000009c     --HOLE--

.text:_isr 
*          0    00005c00    0000059e     
                  00005c00    000001b6     ISR.obj (.text:_isr:USCI_A0_ISR)
                  00005db6    00000182     ISR.obj (.text:_isr:USCI_B0_ISR)
                  00005f38    00000104     ISR.obj (.text:_isr:USCI_B1_ISR)
                  0000603c    000000ba     ISR.obj (.text:_isr:USCI_B2_ISR)
                  000060f6    0000003a     ISR.obj (.text:_isr:TA1_ISR)
                  00006130    00000020     ISR.obj (.text:_isr:U1TX_ISR)
                  00006150    0000001c     ISR.obj (.text:_isr:P1_ISR)
                  0000616c    0000001c     rts430x_lc_rd_eabi.lib : boot.c.obj (.text:_isr:_c_int00_noargs)
                  00006188    0000000a     ISR.obj (.text:_isr:Timer1_A1)
                  00006192    00000008     rts430x_lc_rd_eabi.lib : isr_trap.asm.obj (.text:_isr:__TI_ISR_TRAP)
                  0000619a    00000002     ISR.obj (.text:_isr:TA0_ISR)
                  0000619c    00000002     ISR.obj (.text:_isr:Timer_A)

.cinit     0    00007c26    0000004c     
                  00007c26    00000029     (.cinit..data.load) [load image, compression = lzss]
                  00007c4f    00000001     --HOLE-- [fill = 0]
                  00007c50    0000000c     (__TI_handler_table)
                  00007c5c    00000006     (.cinit..bss.load) [load image, compression = zero_init]
                  00007c62    00000010     (__TI_cinit_table)

.binit     0    00005c00    00000000     

.init_array 
*          0    00005c00    00000000     UNINITIALIZED

.const     0    0000619e    00001a88     
                  0000619e    0000153e     LCD_ST7565P.obj (.const:.string)
                  000076dc    00000101     rts430x_lc_rd_eabi.lib : ctype.c.obj (.const:.string:_ctypes_)
                  000077dd    00000001     --HOLE-- [fill = 0]
                  000077de    000000f0     LCD_ST7565P.obj (.const:.string:TABLE5)
                  000078ce    000000f0     LCD_ST7565P.obj (.const:.string:TABLE6)
                  000079be    000000c8     LCD_ST7565P.obj (.const:.string:Tahoma10x16nums)
                  00007a86    0000006a     LCD_ST7565P.obj (.const:.string:Ultracell1)
                  00007af0    0000006a     LCD_ST7565P.obj (.const:.string:Ultracell2)
                  00007b5a    0000006a     LCD_ST7565P.obj (.const:.string:Ultracell3)
                  00007bc4    00000026     rts430x_lc_rd_eabi.lib : _printfi.c.obj (.const:.string)
                  00007bea    00000014     LCD_ST7565P.obj (.const:.string:Tahoma10x16V)
                  00007bfe    00000014     LCD_ST7565P.obj (.const:.string:period10x16)
                  00007c12    00000014     Timing.obj (.const:xtime)

RTC        0    0000ffd2    00000002     
                  0000ffd2    00000002     rts430x_lc_rd_eabi.lib : int41.asm.obj (.int41)

PORT2      0    0000ffd4    00000002     
                  0000ffd4    00000002     rts430x_lc_rd_eabi.lib : int42.asm.obj (.int42)

USCI_B3    0    0000ffd6    00000002     
                  0000ffd6    00000002     rts430x_lc_rd_eabi.lib : int43.asm.obj (.int43)

USCI_A3    0    0000ffd8    00000002     
                  0000ffd8    00000002     rts430x_lc_rd_eabi.lib : int44.asm.obj (.int44)

USCI_B1    0    0000ffda    00000002     
                  0000ffda    00000002     ISR.obj (.int45)

USCI_A1    0    0000ffdc    00000002     
                  0000ffdc    00000002     ISR.obj (.int46)

PORT1      0    0000ffde    00000002     
                  0000ffde    00000002     ISR.obj (.int47)

TIMER1_A1 
*          0    0000ffe0    00000002     
                  0000ffe0    00000002     ISR.obj (.int48)

TIMER1_A0 
*          0    0000ffe2    00000002     
                  0000ffe2    00000002     ISR.obj (.int49)

DMA        0    0000ffe4    00000002     
                  0000ffe4    00000002     rts430x_lc_rd_eabi.lib : int50.asm.obj (.int50)

USCI_B2    0    0000ffe6    00000002     
                  0000ffe6    00000002     ISR.obj (.int51)

USCI_A2    0    0000ffe8    00000002     
                  0000ffe8    00000002     rts430x_lc_rd_eabi.lib : int52.asm.obj (.int52)

TIMER0_A1 
*          0    0000ffea    00000002     
                  0000ffea    00000002     ISR.obj (.int53)

TIMER0_A0 
*          0    0000ffec    00000002     
                  0000ffec    00000002     ISR.obj (.int54)

ADC12      0    0000ffee    00000002     
                  0000ffee    00000002     rts430x_lc_rd_eabi.lib : int55.asm.obj (.int55)

USCI_B0    0    0000fff0    00000002     
                  0000fff0    00000002     ISR.obj (.int56)

USCI_A0    0    0000fff2    00000002     
                  0000fff2    00000002     ISR.obj (.int57)

WDT        0    0000fff4    00000002     
                  0000fff4    00000002     rts430x_lc_rd_eabi.lib : int58.asm.obj (.int58)

TIMER0_B1 
*          0    0000fff6    00000002     
                  0000fff6    00000002     rts430x_lc_rd_eabi.lib : int59.asm.obj (.int59)

TIMER0_B0 
*          0    0000fff8    00000002     
                  0000fff8    00000002     rts430x_lc_rd_eabi.lib : int60.asm.obj (.int60)

UNMI       0    0000fffa    00000002     
                  0000fffa    00000002     rts430x_lc_rd_eabi.lib : int61.asm.obj (.int61)

SYSNMI     0    0000fffc    00000002     
                  0000fffc    00000002     rts430x_lc_rd_eabi.lib : int62.asm.obj (.int62)

.reset     0    0000fffe    00000002     
                  0000fffe    00000002     rts430x_lc_rd_eabi.lib : boot.c.obj (.reset)

.text      0    00010000    00014994     
                  00010000    0000487c     LCD_ST7565P.obj (.text:lcd_data)
                  0001487c    00002050     start.obj (.text:startup)
                  000168cc    0000111e     loadfollow.obj (.text:load_monitor)
                  000179ea    000010e6     Timing.obj (.text:A0_time)
                  00018ad0    00000c22     Momentary_Switch.obj (.text:Momentary_Switch)
                  000196f2    00000b86     ADC_Calculations.obj (.text:ADC_Calculations)
                  0001a278    00000b0a     TC_Fault_Check.obj (.text:TC_Fault_Check)
                  0001ad82    0000088a     calcs.obj (.text:calcs)
                  0001b60c    0000072a     rts430x_lc_rd_eabi.lib : addd.c.obj (.text:__mspabi_addd)
                  0001bd36    0000071a     Power_Limit.obj (.text:Power_Limit)
                  0001c450    00000706     pumps.obj (.text:Set_Fuel_Pumps)
                  0001cb56    000006d0     Fuel_Gauge.obj (.text:Fuel_Gauge)
                  0001d226    00000688     run.obj (.text:run)
                  0001d8ae    0000058c     Initialize.obj (.text:initialize)
                  0001de3a    00000586     Air_Compressors.obj (.text:Set_Air_Compressors)
                  0001e3c0    000004c8     Fans.obj (.text:Fans)
                  0001e888    000004a8     emergencycheck.obj (.text:emergency_check)
                  0001ed30    000004a2     start.obj (.text:burnerMethAdjust)
                  0001f1d2    00000468     rts430x_lc_rd_eabi.lib : frcdivd.c.obj (.text:__TI_frcdivd)
                  0001f63a    000003d8     Output_Voltage_Set.obj (.text:setVout)
                  0001fa12    000003d4     start.obj (.text:processBOPSettings)
                  0001fde6    00000360     start.obj (.text:adjustHeating)
                  00020146    0000034e     rts430x_lc_rd_eabi.lib : div64u.c.obj (.text:__mspabi_divull)
                  00020494    000002d8     Limits.obj (.text:setLimits)
                  0002076c    000002a6     rts430x_lc_rd_eabi.lib : _printfi.c.obj (.text:__TI_printfi:__TI_printfi)
                  00020a12    00000292                            : mpyd.c.obj (.text:__mspabi_mpyd)
                  00020ca4    0000027a                            : _printfi.c.obj (.text:__TI_printfi:_setfield___TI_printfi)
                  00020f1e    00000268                            : _printfi.c.obj (.text:_pproc_fgea)
                  00021186    00000224                            : _printfi.c.obj (.text:acvt)
                  000213aa    0000021c                            : divd.c.obj (.text:__mspabi_divd)
                  000215c6    0000020c     Cool_Down_off.obj (.text:Cool_Down_off)
                  000217d2    00000206     rts430x_lc_rd_eabi.lib : _printfi.c.obj (.text:__TI_printfi:_getarg_diouxp___TI_printfi)
                  000219d8    000001e6                            : _printfi.c.obj (.text:ecvt)
                  00021bbe    000001c8                            : _printfi.c.obj (.text:fcvt)
                  00021d86    000001b2     Flash.obj (.text:FlashProg)
                  00021f38    000001a2     rts430x_lc_rd_eabi.lib : _printfi.c.obj (.text:_pconv_e)
                  000220da    00000182     LCD_ST7565P.obj (.text:writeSysV)
                  0002225c    00000170     rts430x_lc_rd_eabi.lib : _printfi.c.obj (.text:_pconv_a)
                  000223cc    00000164                            : frcmpyd.c.obj (.text:__TI_frcmpyd)
                  00022530    0000015a                            : s_scalbn.c.obj (.text:scalbn)
                  0002268a    0000014c                            : ti_fmax.c.obj (.text:fmax)
                  000227d6    00000148                            : _printfi.c.obj (.text:__TI_printfi:_pproc_diouxp___TI_printfi)
                  0002291e    00000136     shutdown.obj (.text:shutdown)
                  00022a54    00000132     rts430x_lc_rd_eabi.lib : ti_fmax.c.obj (.text:fmin)
                  00022b86    00000132                            : fs_add.asm.obj (.text)
                  00022cb8    00000128                            : _printfi.c.obj (.text:__TI_printfi:_ltostr___TI_printfi)
                  00022de0    00000112     LCD_ST7565P.obj (.text:Show_Fuel)
                  00022ef2    000000fc     rts430x_lc_rd_eabi.lib : _printfi.c.obj (.text:_pconv_g)
                  00022fee    000000ea                            : _printfi.c.obj (.text:__TI_printfi:_pproc_fwp___TI_printfi)
                  000230d8    000000d8                            : cmpd.c.obj (.text:__mspabi_cmpd)
                  000231b0    000000c8                            : _printfi.c.obj (.text:__TI_printfi:_pproc_wstr___TI_printfi)
                  00023278    000000b8                            : fs_mpy.asm.obj (.text)
                  00023330    000000b2                            : cvtdf.c.obj (.text:__mspabi_cvtdf)
                  000233e2    000000b2     start.obj (.text:setCompStartState)
                  00023494    000000b0     Initialize.obj (.text:SetTimers)
                  00023544    000000a6     rts430x_lc_rd_eabi.lib : _printfi.c.obj (.text:__TI_printfi:_pproc_str___TI_printfi)
                  000235ea    000000a6                            : s_frexp.c.obj (.text:frexp)
                  00023690    0000009e                            : fltlid.c.obj (.text:__mspabi_fltlid)
                  0002372e    00000092     Initialize.obj (.text:I2Csetup)
                  000237c0    00000090     rts430x_lc_rd_eabi.lib : _printfi.c.obj (.text:_ecpy)
                  00023850    00000090                            : _printfi.c.obj (.text:_mcpy)
                  000238e0    00000090                            : fs_div.asm.obj (.text)
                  00023970    0000008e     LCD_ST7565P.obj (.text:writeLCDline)
                  000239fe    0000008a     LCD_ST7565P.obj (.text:LCD_chr)
                  00023a88    00000080     Initialize.obj (.text:ADCInit)
                  00023b08    00000080     rts430x_lc_rd_eabi.lib : _ltoa.c.obj (.text:__TI_ltoa)
                  00023b88    00000080                            : fltuld.c.obj (.text:__mspabi_fltuld)
                  00023c08    0000007a     LCD_ST7565P.obj (.text:Show_Power)
                  00023c82    0000007a     Main.obj (.text:main)
                  00023cfc    00000078     rts430x_lc_rd_eabi.lib : _printfi.c.obj (.text:_pconv_f)
                  00023d74    00000076                            : copy_decompress_lzss.c.obj (.text:decompress:lzss:__TI_decompress_lzss)
                  00023dea    00000070     Fans.obj (.text:Set_FCSFan)
                  00023e5a    00000068     rts430x_lc_rd_eabi.lib : fixdul.c.obj (.text:__mspabi_fixdul)
                  00023ec2    00000068                            : fs_toi.asm.obj (.text)
                  00023f2a    00000066                            : fixdli.c.obj (.text:__mspabi_fixdli)
                  00023f90    00000064     LCD_ST7565P.obj (.text:LCD_init)
                  00023ff4    00000064     rts430x_lc_rd_eabi.lib : cvtfd.c.obj (.text:__mspabi_cvtfd)
                  00024058    00000062                            : atoi.c.obj (.text:atoi)
                  000240ba    0000005c                            : mult64_f5hw.asm.obj (.text:__mpyll)
                  00024116    00000058                            : div32u.asm.obj (.text)
                  0002416e    00000054                            : autoinit.c.obj (.text:__TI_auto_init_nobinit_nopinit_hold_wdt:__TI_auto_init_nobinit_nopinit_hold_wdt)
                  000241c2    0000004e                            : _printfi.c.obj (.text:_fcpy)
                  00024210    0000004e     start.obj (.text:initialCompState)
                  0002425e    0000004a     LCD_ST7565P.obj (.text:LCD_cls)
                  000242a8    0000004a     rts430x_lc_rd_eabi.lib : fs_cmp.asm.obj (.text)
                  000242f2    00000048     LCD_ST7565P.obj (.text:sendLCD)
                  0002433a    00000046     rts430x_lc_rd_eabi.lib : fs_tou.asm.obj (.text)
                  00024380    00000044                            : sprintf.c.obj (.text:sprintf)
                  000243c4    00000042     LCD_ST7565P.obj (.text:LCD_reset)
                  00024406    00000040     LCD_ST7565P.obj (.text:LCD_gotoxy)
                  00024446    00000040     rts430x_lc_rd_eabi.lib : asr64.c.obj (.text:__mspabi_srall)
                  00024486    00000040                            : div32s.asm.obj (.text)
                  000244c6    0000003e                            : asr32.asm.obj (.text:l_asr_const)
                  00024504    0000003e                            : lsl32.asm.obj (.text:l_lsl_const)
                  00024542    0000003e                            : lsr32.asm.obj (.text:l_lsr_const)
                  00024580    0000003c     Initialize.obj (.text:UART0_Init)
                  000245bc    0000003a     rts430x_lc_rd_eabi.lib : lsl64.c.obj (.text:__mspabi_sllll)
                  000245f6    0000003a                            : lsr64.c.obj (.text:__mspabi_srlll)
                  00024630    00000036                            : fs_itof.asm.obj (.text)
                  00024666    00000032                            : subd.c.obj (.text:__mspabi_subd)
                  00024698    0000002e                            : negd.c.obj (.text:__mspabi_negd)
                  000246c6    0000002e                            : s_copysign.c.obj (.text:copysign)
                  000246f4    0000002c                            : mult3264_f5hw.asm.obj (.text:__mpyull)
                  00024720    0000002c                            : div16s.asm.obj (.text)
                  0002474c    00000028                            : fixdi.c.obj (.text:__mspabi_fixdi)
                  00024774    00000026                            : memccpy.c.obj (.text:memccpy)
                  0002479a    00000024     Initialize.obj (.text:SPIsetup)
                  000247be    00000024     rts430x_lc_rd_eabi.lib : copy_zero_init.c.obj (.text:decompress:ZI:__TI_zero_init)
                  000247e2    00000024                            : fs_utof.asm.obj (.text)
                  00024806    00000024                            : mult32_f5hw.asm.obj (.text)
                  0002482a    00000020                            : sprintf.c.obj (.text:_outs)
                  0002484a    0000001c     LCD_ST7565P.obj (.text:LCD_clr_line)
                  00024866    0000001c     rts430x_lc_rd_eabi.lib : strchr.c.obj (.text:strchr)
                  00024882    00000018                            : mult16_f5hw.asm.obj (.text)
                  0002489a    00000016                            : memset.c.obj (.text:memset)
                  000248b0    00000016                            : div16u.asm.obj (.text)
                  000248c6    00000016                            : wcslen.c.obj (.text:wcslen)
                  000248dc    00000014                            : sprintf.c.obj (.text:_outc)
                  000248f0    00000014                            : memcpy.c.obj (.text:memcpy)
                  00024904    00000012                            : fixdu.c.obj (.text:__mspabi_fixdu)
                  00024916    00000012                            : copy_decompress_none.c.obj (.text:decompress:none:__TI_decompress_none)
                  00024928    00000012                            : toupper.c.obj (.text:toupper)
                  0002493a    00000010                            : lsr32.asm.obj (.text:l_lsr)
                  0002494a    0000000e                            : strlen.c.obj (.text:strlen)
                  00024958    0000000c                            : fltid.c.obj (.text:__mspabi_fltid)
                  00024964    0000000a                            : abs.c.obj (.text:abs)
                  0002496e    0000000a                            : fs_neg.asm.obj (.text)
                  00024978    00000006                            : fltud.c.obj (.text:__mspabi_fltud)
                  0002497e    00000006                            : exit.c.obj (.text:abort)
                  00024984    00000004                            : pre_init.c.obj (.text:_system_pre_init)
                  00024988    00000002     Main.obj (.text:SMBUSjump)
                  0002498a    00000002     Main.obj (.text:UGmain)
                  0002498c    00000002     rts430x_lc_rd_eabi.lib : startup.c.obj (.text:_system_post_cinit)
                  0002498e    00000002     Main.obj (.text:setFlash)
                  00024990    00000002     Main.obj (.text:verify)
                  00024992    00000002     Main.obj (.text:verifyUG)

MODULE SUMMARY

       Module                       code    ro data   rw data
       ------                       ----    -------   -------
    .\src\
       LCD_ST7565P.obj              20022   6476      47     
       start.obj                    11558   0         80     
       Timing.obj                   4326    20        256    
       loadfollow.obj               4382    0         94     
       Momentary_Switch.obj         3106    0         88     
       TC_Fault_Check.obj           2826    0         210    
       ADC_Calculations.obj         2950    0         59     
       calcs.obj                    2186    0         36     
       Initialize.obj               1966    0         11     
       pumps.obj                    1798    0         96     
       Power_Limit.obj              1818    0         13     
       Fuel_Gauge.obj               1744    0         33     
       run.obj                      1672    0         19     
       ISR.obj                      1402    20        140    
       Air_Compressors.obj          1414    0         22     
       Fans.obj                     1336    0         41     
       emergencycheck.obj           1192    0         22     
       Output_Voltage_Set.obj       984     0         3      
       Limits.obj                   728     0         0      
       Cool_Down_off.obj            524     0         10     
       Flash.obj                    434     0         4      
       shutdown.obj                 310     0         0      
       Main.obj                     132     0         134    
       Dallas.obj                   0       0         199    
       ADC ISR G.obj                0       0         6      
       flight_recorder.obj          0       0         1      
    +--+----------------------------+-------+---------+---------+
       Total:                       68810   6516      1624   
                                                             
    C:\ti\ccs1110\ccs\tools\compiler\ti-cgt-msp430_21.6.1.LTS\lib\rts430x_lc_rd_eabi.lib
       _printfi.c.obj               6684    38        0      
       addd.c.obj                   1834    0         0      
       frcdivd.c.obj                1128    0         0      
       div64u.c.obj                 846     0         0      
       mpyd.c.obj                   658     0         0      
       ti_fmax.c.obj                638     0         0      
       divd.c.obj                   540     0         0      
       frcmpyd.c.obj                356     0         0      
       s_scalbn.c.obj               346     0         0      
       fs_add.asm.obj               306     0         0      
       ctype.c.obj                  0       257       0      
       cmpd.c.obj                   216     0         0      
       fs_mpy.asm.obj               184     0         0      
       cvtdf.c.obj                  178     0         0      
       s_frexp.c.obj                166     0         0      
       fltlid.c.obj                 158     0         0      
       fs_div.asm.obj               144     0         0      
       _ltoa.c.obj                  128     0         0      
       fltuld.c.obj                 128     0         0      
       sprintf.c.obj                120     0         0      
       copy_decompress_lzss.c.obj   118     0         0      
       fixdul.c.obj                 104     0         0      
       fs_toi.asm.obj               104     0         0      
       fixdli.c.obj                 102     0         0      
       cvtfd.c.obj                  100     0         0      
       atoi.c.obj                   98      0         0      
       mult64_f5hw.asm.obj          92      0         0      
       div32u.asm.obj               88      0         0      
       autoinit.c.obj               84      0         0      
       lsr32.asm.obj                78      0         0      
       fs_cmp.asm.obj               74      0         0      
       fs_tou.asm.obj               70      0         0      
       asr64.c.obj                  64      0         0      
       div32s.asm.obj               64      0         0      
       asr32.asm.obj                62      0         0      
       lsl32.asm.obj                62      0         0      
       lsl64.c.obj                  58      0         0      
       lsr64.c.obj                  58      0         0      
       fs_itof.asm.obj              54      0         0      
       subd.c.obj                   50      0         0      
       negd.c.obj                   46      0         0      
       s_copysign.c.obj             46      0         0      
       div16s.asm.obj               44      0         0      
       mult3264_f5hw.asm.obj        44      0         0      
       fixdi.c.obj                  40      0         0      
       memccpy.c.obj                38      0         0      
       copy_zero_init.c.obj         36      0         0      
       fs_utof.asm.obj              36      0         0      
       mult32_f5hw.asm.obj          36      0         0      
       boot.c.obj                   28      2         0      
       strchr.c.obj                 28      0         0      
       mult16_f5hw.asm.obj          24      0         0      
       div16u.asm.obj               22      0         0      
       memset.c.obj                 22      0         0      
       wcslen.c.obj                 22      0         0      
       memcpy.c.obj                 20      0         0      
       copy_decompress_none.c.obj   18      0         0      
       fixdu.c.obj                  18      0         0      
       toupper.c.obj                18      0         0      
       strlen.c.obj                 14      0         0      
       fltid.c.obj                  12      0         0      
       abs.c.obj                    10      0         0      
       fs_neg.asm.obj               10      0         0      
       isr_trap.asm.obj             8       0         0      
       exit.c.obj                   6       0         0      
       fltud.c.obj                  6       0         0      
       pre_init.c.obj               4       0         0      
       errno.c.obj                  0       0         2      
       int41.asm.obj                0       2         0      
       int42.asm.obj                0       2         0      
       int43.asm.obj                0       2         0      
       int44.asm.obj                0       2         0      
       int50.asm.obj                0       2         0      
       int52.asm.obj                0       2         0      
       int55.asm.obj                0       2         0      
       int58.asm.obj                0       2         0      
       int59.asm.obj                0       2         0      
       int60.asm.obj                0       2         0      
       int61.asm.obj                0       2         0      
       int62.asm.obj                0       2         0      
       startup.c.obj                2       0         0      
    +--+----------------------------+-------+---------+---------+
       Total:                       17000   321       2      
                                                             
       Stack:                       0       0         160    
       Linker Generated:            0       75        0      
    +--+----------------------------+-------+---------+---------+
       Grand Total:                 85810   6912      1786   


LINKER GENERATED COPY TABLES

__TI_cinit_table @ 00007c62 records: 2, size/record: 8, table size: 16
	.data: load addr=00007c26, load size=00000029 bytes, run addr=0000211e, run size=0000013e bytes, compression=lzss
	.bss: load addr=00007c5c, load size=00000006 bytes, run addr=00001c00, run size=0000051e bytes, compression=zero_init


LINKER GENERATED HANDLER TABLE

__TI_handler_table @ 00007c50 records: 3, size/record: 4, table size: 12
	index: 0, handler: __TI_zero_init
	index: 1, handler: __TI_decompress_lzss
	index: 2, handler: __TI_decompress_none


GLOBAL SYMBOLS: SORTED ALPHABETICALLY BY Name 

address   name                                   
-------   ----                                   
000179ea  A0_time                                
00001dfc  AA_Batt_V                              
00001fe8  ACS                                    
00000700  ADC12CTL0                              
00000701  ADC12CTL0_H                            
00000700  ADC12CTL0_L                            
00000702  ADC12CTL1                              
00000703  ADC12CTL1_H                            
00000702  ADC12CTL1_L                            
00000704  ADC12CTL2                              
00000705  ADC12CTL2_H                            
00000704  ADC12CTL2_L                            
0000070c  ADC12IE                                
0000070d  ADC12IE_H                              
0000070c  ADC12IE_L                              
0000070a  ADC12IFG                               
0000070b  ADC12IFG_H                             
0000070a  ADC12IFG_L                             
0000070e  ADC12IV                                
0000070f  ADC12IV_H                              
0000070e  ADC12IV_L                              
00000710  ADC12MCTL0                             
00000711  ADC12MCTL1                             
0000071a  ADC12MCTL10                            
0000071b  ADC12MCTL11                            
0000071c  ADC12MCTL12                            
0000071d  ADC12MCTL13                            
0000071e  ADC12MCTL14                            
0000071f  ADC12MCTL15                            
00000712  ADC12MCTL2                             
00000713  ADC12MCTL3                             
00000714  ADC12MCTL4                             
00000715  ADC12MCTL5                             
00000716  ADC12MCTL6                             
00000717  ADC12MCTL7                             
00000718  ADC12MCTL8                             
00000719  ADC12MCTL9                             
00000720  ADC12MEM0                              
00000721  ADC12MEM0_H                            
00000720  ADC12MEM0_L                            
00000722  ADC12MEM1                              
00000734  ADC12MEM10                             
00000735  ADC12MEM10_H                           
00000734  ADC12MEM10_L                           
00000736  ADC12MEM11                             
00000737  ADC12MEM11_H                           
00000736  ADC12MEM11_L                           
00000738  ADC12MEM12                             
00000739  ADC12MEM12_H                           
00000738  ADC12MEM12_L                           
0000073a  ADC12MEM13                             
0000073b  ADC12MEM13_H                           
0000073a  ADC12MEM13_L                           
0000073c  ADC12MEM14                             
0000073d  ADC12MEM14_H                           
0000073c  ADC12MEM14_L                           
0000073e  ADC12MEM15                             
0000073f  ADC12MEM15_H                           
0000073e  ADC12MEM15_L                           
00000723  ADC12MEM1_H                            
00000722  ADC12MEM1_L                            
00000724  ADC12MEM2                              
00000725  ADC12MEM2_H                            
00000724  ADC12MEM2_L                            
00000726  ADC12MEM3                              
00000727  ADC12MEM3_H                            
00000726  ADC12MEM3_L                            
00000728  ADC12MEM4                              
00000729  ADC12MEM4_H                            
00000728  ADC12MEM4_L                            
0000072a  ADC12MEM5                              
0000072b  ADC12MEM5_H                            
0000072a  ADC12MEM5_L                            
0000072c  ADC12MEM6                              
0000072d  ADC12MEM6_H                            
0000072c  ADC12MEM6_L                            
0000072e  ADC12MEM7                              
0000072f  ADC12MEM7_H                            
0000072e  ADC12MEM7_L                            
00000730  ADC12MEM8                              
00000731  ADC12MEM8_H                            
00000730  ADC12MEM8_L                            
00000732  ADC12MEM9                              
00000733  ADC12MEM9_H                            
00000732  ADC12MEM9_L                            
00023a88  ADCInit                                
00001da8  ADCSamples                             
000196f2  ADC_Calculations                       
000020de  ADCdone                                
00002172  ALT_P                                  
00002132  AUX_fan_speed_GUI                      
00001fea  Altitude                               
00002170  Altitude_Board_Working                 
0000216c  Altitude_Reading                       
00001fec  AmbTemp                                
00002166  Ambient_Temperature                    
00001fee  AtRate                                 
000020df  Atime                                  
0000223a  Auto_Hybrid_Option                     
0000217e  Auto_Restart_Disable                   
000020e0  Auto_Restart_Option                    
00001e00  Auto_Shutdown_timer                    
00001ff0  Auto_restart_V                         
00001e04  Auto_restart_V_12_6                    
00001e08  Auto_restart_V_16_8                    
00001e0c  Auto_restart_V_digit1                  
00001e10  Auto_restart_V_digit2                  
00001e14  Auto_restart_V_digit3                  
00001e18  Auto_restart_V_temp                    
00001e1c  Auto_sleep_V                           
00001e20  Auto_sleep_V_12_6                      
00001e24  Auto_sleep_V_16_8                      
00001e28  Auto_sleep_V_digit1                    
00001e2c  Auto_sleep_V_digit2                    
00001e30  Auto_sleep_V_digit3                    
00001e34  Auto_sleep_V_temp                      
00002183  BOPrunOn_Timer                         
00002236  Backlight_is_on                        
000020e1  Backlight_is_on_Time                   
00002182  Bad_System                             
00001ff2  BattRemCap                             
000020e2  Battery_On_Output                      
00001e38  Battery_V                              
00002256  Blade50                                
00001ff4  Burner_Failure                         
0002497e  C$$EXIT                                
00002158  CLtemp                                 
00001e3c  CLtemp_Ceiling                         
00001e40  CO_Batt_V                              
00000150  CRCDI                                  
00000152  CRCDIRB                                
00000153  CRCDIRB_H                              
00000152  CRCDIRB_L                              
00000151  CRCDI_H                                
00000150  CRCDI_L                                
00000154  CRCINIRES                              
00000155  CRCINIRES_H                            
00000154  CRCINIRES_L                            
00000156  CRCRESR                                
00000157  CRCRESR_H                              
00000156  CRCRESR_L                              
00001ff6  CS_Failure                             
00001ff8  CartData                               
000020e3  Cartridge_Enable                       
00001ffa  Cartridge_Enable_Option                
0000223c  Cartridge_Programmed                   
00002185  ClipOn_Enabled                         
00001ffc  Cold_Heater                            
0000216a  Cold_Temp_Threshold                    
00002178  Cold_Temp_Timer                        
000020e4  CommandByte                            
00001e44  Cool_Down_TC1_temp                     
00001e48  Cool_Down_TC2_temp                     
00001ffe  Cool_Down_Time                         
00002000  Cool_Down_Timer                        
000215c6  Cool_Down_off                          
00002002  CycleCount                             
0000213a  CycleFlag                              
00000510  DMA0CTL                                
00000516  DMA0DA                                 
00000518  DMA0DAH                                
00000516  DMA0DAL                                
00000512  DMA0SA                                 
00000514  DMA0SAH                                
00000512  DMA0SAL                                
0000051a  DMA0SZ                                 
00000520  DMA1CTL                                
00000526  DMA1DA                                 
00000528  DMA1DAH                                
00000526  DMA1DAL                                
00000522  DMA1SA                                 
00000524  DMA1SAH                                
00000522  DMA1SAL                                
0000052a  DMA1SZ                                 
00000530  DMA2CTL                                
00000536  DMA2DA                                 
00000538  DMA2DAH                                
00000536  DMA2DAL                                
00000532  DMA2SA                                 
00000534  DMA2SAH                                
00000532  DMA2SAL                                
0000053a  DMA2SZ                                 
00000500  DMACTL0                                
00000502  DMACTL1                                
00000504  DMACTL2                                
00000506  DMACTL3                                
00000508  DMACTL4                                
0000050e  DMAIV                                  
00002004  DesMaxPwr                              
00002006  DesVolt                                
00002008  Des_Cap                                
000021dd  Engage_FCSFAN_PID                      
00002180  Entered_Fault                          
00001e4c  Exhaust_temp                           
00002162  ExternalSet_PCBFan_DutyCycle           
00001e50  FCPerror                               
00001e54  FCPerror1                              
00002202  FCPerror_accumulated                   
00002206  FCPerror_accumulated_limit             
0000214c  FCPerror_accumulated_limit_GUI         
00001e58  FCRofst                                
000021e4  FCSFan_pulse                           
000021d8  FCTKd                                  
000021d4  FCTKi                                  
00001e5c  FCTKp                                  
00000140  FCTL1                                  
00000141  FCTL1_H                                
00000140  FCTL1_L                                
00000144  FCTL3                                  
00000145  FCTL3_H                                
00000144  FCTL3_L                                
00000146  FCTL4                                  
00000147  FCTL4_H                                
00000146  FCTL4_L                                
0000200a  FCTderivative                          
0000200c  FCTerror                               
0000200e  FCTintegral                            
00002010  FCTprevious_error                      
00002012  FC_A                                   
000020e5  FC_At_Temp                             
000020e6  FC_Burner_Ignite_Failure               
00002014  FC_Burner_Ignite_Failure_timer         
00001e60  FC_Burner_Ignite_temp                  
00002198  FC_Burner_Methanol_flow                
00002194  FC_Burner_Methanol_flow_GUI            
00001e64  FC_Burner_Methanol_flow_gph            
00002225  FC_Burner_On                           
00001e68  FC_Burner_air                          
0000212c  FC_Burner_air_GUI                      
00001e6c  FC_Current                             
0000224e  FC_Dropout                             
00002016  FC_FAN_PWM_speed_GUI                   
000021ea  FC_FAN_PWM_temp                        
00002018  FC_Heatup_Failure                      
00001e70  FC_R                                   
0000217f  FC_Selected                            
00001e74  FC_Wh                                  
000021f0  FC_atWarmingTemp                       
00001e78  FC_burner_temp                         
0000224c  FC_heating                             
0000201a  FC_mV                                  
0000201c  FC_peak_current                        
00001e7c  FC_power                               
00001e80  FC_volts                               
00002222  FPT_ME_Slip_setpoint                   
000020e7  FP_Burner_Ignite_Failure               
0000201e  FP_Burner_Ignite_Failure_timer         
00001e84  FP_Burner_Ignite_temp                  
00002224  FP_Heating                             
00002188  FP_Heating_Timer                       
00002020  FP_Heatup_Failure                      
00001e88  FP_Methanol_flow                       
00002190  FP_Methanol_flow_GUI                   
00001e8c  FP_Methanol_flow_gph                   
00001e90  FP_Water_flow                          
00002192  FP_Water_flow_GUI                      
00001e94  FP_Water_flow_gph                      
00002242  False_Detect                           
000021e8  Fan3_Counts                            
0001e3c0  Fans                                   
00002244  Fatal_System_Error                     
00002181  Fault_Counter                          
00002128  Feature1                               
0000212a  Feature2                               
000021a0  Fill_Tank_Disabled_Timer               
000021a4  Fill_Tank_Error_Count                  
0000219e  Fill_Tank_Timer                        
000020e8  Fine_Tune_Output                       
000021aa  First_Turn_On                          
00021d86  FlashProg                              
00002022  FuelPerCent                            
0001cb56  Fuel_Gauge                             
00002024  Fuel_Reversed                          
0000223d  Ghost_Cartridge_Level_Option           
00001e98  H2_ADJ                                 
0000220a  H2_ADJ_temp                            
00001e9c  H2_Util                                
000021f6  H2_Util_Max                            
000021fa  H2_Util_Max_Setpoint                   
000021f2  H2_util_desired                        
00001ea0  H2_util_wanted                         
00002026  Heater_Failure                         
00002154  Hmax_desired                           
0000218c  HomeScreen_Timer                       
0002372e  I2Csetup                               
00002028  J                                      
0000202a  K                                      
00001ea4  Kd                                     
00001ea8  Ki                                     
00001eac  Kp                                     
0000202c  L                                      
00002238  LCD_Option                             
00002254  LCD_Options_Mode                       
00002237  LCD_Options_Page                       
000020e9  LCD_Options_Timeout_Timer              
000239fe  LCD_chr                                
0002484a  LCD_clr_line                           
0002425e  LCD_cls                                
00024406  LCD_gotoxy                             
00023f90  LCD_init                               
0000218a  LCD_init_timer                         
00002252  LCD_page                               
000243c4  LCD_reset                              
000020ea  LCDfirsthalf                           
000020eb  LCDline                                
000020ec  LoadShare                              
00001eb0  Load_Current                           
0000202e  Load_peak_current                      
000004c4  MAC                                    
000004da  MAC32H                                 
000004db  MAC32H_H                               
000004da  MAC32H_L                               
000004d8  MAC32L                                 
000004d9  MAC32L_H                               
000004d8  MAC32L_L                               
000004c6  MACS                                   
000004de  MACS32H                                
000004df  MACS32H_H                              
000004de  MACS32H_L                              
000004dc  MACS32L                                
000004dd  MACS32L_H                              
000004dc  MACS32L_L                              
000004c7  MACS_H                                 
000004c6  MACS_L                                 
000004c5  MAC_H                                  
000004c4  MAC_L                                  
000004c0  MPY                                    
000004ec  MPY32CTL0                              
000004ed  MPY32CTL0_H                            
000004ec  MPY32CTL0_L                            
000004d2  MPY32H                                 
000004d3  MPY32H_H                               
000004d2  MPY32H_L                               
000004d0  MPY32L                                 
000004d1  MPY32L_H                               
000004d0  MPY32L_L                               
000004c2  MPYS                                   
000004d6  MPYS32H                                
000004d7  MPYS32H_H                              
000004d6  MPYS32H_L                              
000004d4  MPYS32L                                
000004d5  MPYS32L_H                              
000004d4  MPYS32L_L                              
000004c3  MPYS_H                                 
000004c2  MPYS_L                                 
000004c1  MPY_H                                  
000004c0  MPY_L                                  
00002030  Methanol_lvl                           
00002257  Mole                                   
00018ad0  Momentary_Switch                       
00001eb4  Net_Power_Limit_Max                    
00002032  Net_Power_Limit_Max_Option             
00002255  New_LCD                                
00002034  New_Options                            
00002036  Nmsg                                   
00001eb8  O2_Cons                                
00001ebc  O2_util                                
00001ec0  O2_util_desired                        
00001ec4  O2_util_wanted                         
000004c8  OP2                                    
000004e2  OP2H                                   
000004e3  OP2H_H                                 
000004e2  OP2H_L                                 
000004e0  OP2L                                   
000004e1  OP2L_H                                 
000004e0  OP2L_L                                 
000004c9  OP2_H                                  
000004c8  OP2_L                                  
000020ed  Old_System                             
00002038  Out_A                                  
0000203a  Out_AA                                 
0000203c  Out_AAA                                
0000203e  Out_mV                                 
00001ec8  OutputV_Setpoint                       
00001ecc  Output_volts                           
0000020e  P1IV                                   
00006150  P1_ISR                                 
0000021e  P2IV                                   
00000204  PADIR                                  
00000205  PADIR_H                                
00000204  PADIR_L                                
00000208  PADS                                   
00000209  PADS_H                                 
00000208  PADS_L                                 
0000021a  PAIE                                   
00000218  PAIES                                  
00000219  PAIES_H                                
00000218  PAIES_L                                
0000021b  PAIE_H                                 
0000021a  PAIE_L                                 
0000021c  PAIFG                                  
0000021d  PAIFG_H                                
0000021c  PAIFG_L                                
00000200  PAIN                                   
00000201  PAIN_H                                 
00000200  PAIN_L                                 
00000202  PAOUT                                  
00000203  PAOUT_H                                
00000202  PAOUT_L                                
00000206  PAREN                                  
00000207  PAREN_H                                
00000206  PAREN_L                                
0000020a  PASEL                                  
0000020b  PASEL_H                                
0000020a  PASEL_L                                
00000224  PBDIR                                  
00000225  PBDIR_H                                
00000224  PBDIR_L                                
00000228  PBDS                                   
00000229  PBDS_H                                 
00000228  PBDS_L                                 
00000220  PBIN                                   
00000221  PBIN_H                                 
00000220  PBIN_L                                 
00000222  PBOUT                                  
00000223  PBOUT_H                                
00000222  PBOUT_L                                
00000226  PBREN                                  
00000227  PBREN_H                                
00000226  PBREN_L                                
0000022a  PBSEL                                  
0000022b  PBSEL_H                                
0000022a  PBSEL_L                                
00002161  PCBFan_DutyCycle                       
00002184  PCB_Calibration_GUI                    
00000244  PCDIR                                  
00000245  PCDIR_H                                
00000244  PCDIR_L                                
00000248  PCDS                                   
00000249  PCDS_H                                 
00000248  PCDS_L                                 
00000240  PCIN                                   
00000241  PCIN_H                                 
00000240  PCIN_L                                 
00000242  PCOUT                                  
00000243  PCOUT_H                                
00000242  PCOUT_L                                
00000246  PCREN                                  
00000247  PCREN_H                                
00000246  PCREN_L                                
0000024a  PCSEL                                  
0000024b  PCSEL_H                                
0000024a  PCSEL_L                                
00000264  PDDIR                                  
00000265  PDDIR_H                                
00000264  PDDIR_L                                
00000268  PDDS                                   
00000269  PDDS_H                                 
00000268  PDDS_L                                 
00000260  PDIN                                   
00000261  PDIN_H                                 
00000260  PDIN_L                                 
00000262  PDOUT                                  
00000263  PDOUT_H                                
00000262  PDOUT_L                                
00000266  PDREN                                  
00000267  PDREN_H                                
00000266  PDREN_L                                
0000026a  PDSEL                                  
0000026b  PDSEL_H                                
0000026a  PDSEL_L                                
00000284  PEDIR                                  
00000285  PEDIR_H                                
00000284  PEDIR_L                                
00000288  PEDS                                   
00000289  PEDS_H                                 
00000288  PEDS_L                                 
00000280  PEIN                                   
00000281  PEIN_H                                 
00000280  PEIN_L                                 
00000282  PEOUT                                  
00000283  PEOUT_H                                
00000282  PEOUT_L                                
00000286  PEREN                                  
00000287  PEREN_H                                
00000286  PEREN_L                                
0000028a  PESEL                                  
0000028b  PESEL_H                                
0000028a  PESEL_L                                
000002a4  PFDIR                                  
000002a5  PFDIR_H                                
000002a4  PFDIR_L                                
000002a8  PFDS                                   
000002a9  PFDS_H                                 
000002a8  PFDS_L                                 
000002a0  PFIN                                   
000002a1  PFIN_H                                 
000002a0  PFIN_L                                 
000002a2  PFOUT                                  
000002a3  PFOUT_H                                
000002a2  PFOUT_L                                
000002a6  PFREN                                  
000002a7  PFREN_H                                
000002a6  PFREN_L                                
000002aa  PFSEL                                  
000002ab  PFSEL_H                                
000002aa  PFSEL_L                                
00002040  PID_Counter                            
00000324  PJDIR                                  
00000325  PJDIR_H                                
00000324  PJDIR_L                                
00000328  PJDS                                   
00000329  PJDS_H                                 
00000328  PJDS_L                                 
00000320  PJIN                                   
00000321  PJIN_H                                 
00000320  PJIN_L                                 
00000322  PJOUT                                  
00000323  PJOUT_H                                
00000322  PJOUT_L                                
00000326  PJREN                                  
00000327  PJREN_H                                
[...]
0000210a  cartread                               
0000210b  cartridge_adapter                      
0000210c  char_col                               
0000210d  chardata                               
0000210e  charpos                                
0000210f  commoTime                              
00002110  commoTime2                             
00002111  commoTime3                             
00002112  err                                    
00002113  fuel_gauge_decrement                   
00002114  half_second_timer                      
00002115  limiting                               
00002116  load                                   
00002117  page                                   
00002118  percent_remaining                      
00002119  pid                                    
0000211a  quarter_second_timer                   
0000211b  result                                 
0000211c  upgrade                                
0000211d  x                                      
0000211e  membrane_switch_timer                  
0000211f  quarter_second_clock                   
00002120  half_second_clock                      
00002121  shutdown_mode                          
00002122  system_calibration                     
00002123  room_temp                              
00002124  Tset_GUI                               
00002126  fc_run_temp_GUI                        
00002128  Feature1                               
0000212a  Feature2                               
0000212c  FC_Burner_air_GUI                      
00002130  blower_fan_speed_GUI                   
00002132  AUX_fan_speed_GUI                      
00002134  fc_run_temp                            
00002136  fc_run_temp_max                        
00002138  timer_type                             
0000213a  CycleFlag                              
0000213c  pid_Kp_GUI                             
00002140  pid_Ki_GUI                             
00002144  pid_Kd_GUI                             
00002148  pid_H2_ADJ_GUI                         
0000214c  FCPerror_accumulated_limit_GUI         
00002150  tti                                    
00002154  Hmax_desired                           
00002158  CLtemp                                 
0000215c  Present_GPower_Limit                   
00002160  fan_delay                              
00002161  PCBFan_DutyCycle                       
00002162  ExternalSet_PCBFan_DutyCycle           
00002164  Previous_Mode                          
00002166  Ambient_Temperature                    
0000216a  Cold_Temp_Threshold                    
0000216c  Altitude_Reading                       
00002170  Altitude_Board_Working                 
00002172  ALT_P                                  
00002176  Soft_Off_Timer                         
00002178  Cold_Temp_Timer                        
0000217a  SMBUS_Timer                            
0000217c  SMBUS_Count                            
0000217e  Auto_Restart_Disable                   
0000217f  FC_Selected                            
00002180  Entered_Fault                          
00002181  Fault_Counter                          
00002182  Bad_System                             
00002183  BOPrunOn_Timer                         
00002184  PCB_Calibration_GUI                    
00002185  ClipOn_Enabled                         
00002186  Warming                                
00002187  one_second_timer                       
00002188  FP_Heating_Timer                       
0000218a  LCD_init_timer                         
0000218c  HomeScreen_Timer                       
0000218e  main_fuel_flow_GUI                     
00002190  FP_Methanol_flow_GUI                   
00002192  FP_Water_flow_GUI                      
00002194  FC_Burner_Methanol_flow_GUI            
00002196  Tank_Methanol_flow_GUI                 
00002198  FC_Burner_Methanol_flow                
0000219c  sensordelay                            
0000219e  Fill_Tank_Timer                        
000021a0  Fill_Tank_Disabled_Timer               
000021a4  Fill_Tank_Error_Count                  
000021a6  Sensors_Working                        
000021a7  Tank_Empty_Count                       
000021a8  Tank_Full_Count                        
000021a9  Sensor_Error_Count                     
000021aa  First_Turn_On                          
000021ac  off_time_counter1                      
000021ae  off_time_1                             
000021b0  pulse_time_1                           
000021b2  pulse_count_1                          
000021b4  on_time_counter1                       
000021b6  off_time_counter2                      
000021b8  off_time_2                             
000021ba  pulse_time_2                           
000021bc  pulse_count_2                          
000021be  on_time_counter2                       
000021c0  off_time_counter3                      
000021c2  off_time_3                             
000021c4  pulse_time_3                           
000021c6  pulse_count_3                          
000021c8  on_time_counter3                       
000021ca  off_time_counter4                      
000021cc  off_time_4                             
000021ce  pulse_time_4                           
000021d0  pulse_count_4                          
000021d2  on_time_counter4                       
000021d4  FCTKi                                  
000021d8  FCTKd                                  
000021dc  isFCSFanON                             
000021dd  Engage_FCSFAN_PID                      
000021de  ff                                     
000021e0  exhaust_blower_pulse                   
000021e2  exhaust_fan_pulse                      
000021e4  FCSFan_pulse                           
000021e6  TurnFansOff                            
000021e8  Fan3_Counts                            
000021ea  FC_FAN_PWM_temp                        
000021ec  condenser_fan_speed                    
000021ee  exhaust_fan_speed                      
000021f0  FC_atWarmingTemp                       
000021f1  limit_flag                             
000021f2  H2_util_desired                        
000021f6  H2_Util_Max                            
000021fa  H2_Util_Max_Setpoint                   
000021fe  p_steady                               
00002202  FCPerror_accumulated                   
00002206  FCPerror_accumulated_limit             
0000220a  H2_ADJ_temp                            
0000220e  PTxB0Data                              
00002212  PTxB1Data                              
00002216  PTxB2Data                              
0000221a  one_byte                               
0000221b  dummy                                  
0000221c  command                                
0000221d  write                                  
0000221e  read                                   
00002220  byteCount                              
00002222  FPT_ME_Slip_setpoint                   
00002224  FP_Heating                             
00002225  FC_Burner_On                           
00002226  entered_burner_flag_6_timer            
00002228  main_fuel_flow_adj                     
0000222c  Transition_to_RunMode                  
0000222e  load_on_temp                           
00002232  Page_changed                           
00002234  option_digit                           
00002236  Backlight_is_on                        
00002237  LCD_Options_Page                       
00002238  LCD_Option                             
00002239  go_to_LCD_Options                      
0000223a  Auto_Hybrid_Option                     
0000223b  Reprogram_Cartridge                    
0000223c  Cartridge_Programmed                   
0000223d  Ghost_Cartridge_Level_Option           
0000223e  min                                    
00002240  max                                    
00002242  False_Detect                           
00002243  dly                                    
00002244  Fatal_System_Error                     
00002246  air_GUI                                
0000224a  QQ                                     
0000224c  FC_heating                             
0000224e  FC_Dropout                             
00002250  Transition_Counter                     
00002252  LCD_page                               
00002254  LCD_Options_Mode                       
00002255  New_LCD                                
00002256  Blade50                                
00002257  Mole                                   
00002258  Quad                                   
0000225a  errno                                  
00005b60  _stack                                 
00005c00  USCI_A0_ISR                            
00005c00  __STACK_END                            
00005db6  USCI_B0_ISR                            
00005f38  USCI_B1_ISR                            
0000603c  USCI_B2_ISR                            
000060f6  TA1_ISR                                
00006130  U1TX_ISR                               
00006150  P1_ISR                                 
0000616c  _c_int00_noargs                        
00006188  Timer1_A1                              
00006192  __TI_ISR_TRAP                          
0000619a  TA0_ISR                                
0000619c  Timer_A                                
000076dc  _ctypes_                               
000077de  TABLE5                                 
000078ce  TABLE6                                 
000079be  Tahoma10x16nums                        
00007a86  Ultracell1                             
00007af0  Ultracell2                             
00007b5a  Ultracell3                             
00007bea  Tahoma10x16V                           
00007bfe  period10x16                            
00007c12  xtime                                  
00007c50  __TI_Handler_Table_Base                
00007c5c  __TI_Handler_Table_Limit               
00007c62  __TI_CINIT_Base                        
00007c72  __TI_CINIT_Limit                       
00007c72  __TI_CINIT_Warm                        
0000ffd2  __TI_int41                             
0000ffd4  __TI_int42                             
0000ffd6  __TI_int43                             
0000ffd8  __TI_int44                             
0000ffda  __TI_int45                             
0000ffdc  __TI_int46                             
0000ffde  __TI_int47                             
0000ffe0  __TI_int48                             
0000ffe2  __TI_int49                             
0000ffe4  __TI_int50                             
0000ffe6  __TI_int51                             
0000ffe8  __TI_int52                             
0000ffea  __TI_int53                             
0000ffec  __TI_int54                             
0000ffee  __TI_int55                             
0000fff0  __TI_int56                             
0000fff2  __TI_int57                             
0000fff4  __TI_int58                             
0000fff6  __TI_int59                             
0000fff8  __TI_int60                             
0000fffa  __TI_int61                             
0000fffc  __TI_int62                             
0000fffe  _reset_vector                          
00010000  lcd_data                               
0001487c  startup                                
000168cc  load_monitor                           
000179ea  A0_time                                
00018ad0  Momentary_Switch                       
000196f2  ADC_Calculations                       
0001a278  TC_Fault_Check                         
0001ad82  calcs                                  
0001b60c  __mspabi_addd                          
0001bd36  Power_Limit                            
0001c450  Set_Fuel_Pumps                         
0001cb56  Fuel_Gauge                             
0001d226  run                                    
0001d8ae  initialize                             
0001de3a  Set_Air_Compressors                    
0001e3c0  Fans                                   
0001e888  emergency_check                        
0001ed30  burnerMethAdjust                       
0001f1d2  __TI_frcdivd                           
0001f63a  setVout                                
0001fa12  processBOPSettings                     
0001fde6  adjustHeating                          
00020146  __mspabi_divull                        
00020494  setLimits                              
0002076c  __TI_printfi                           
00020a12  __mspabi_mpyd                          
000213aa  __mspabi_divd                          
000215c6  Cool_Down_off                          
00021d86  FlashProg                              
000220da  writeSysV                              
000223cc  __TI_frcmpyd                           
00022530  ldexp                                  
00022530  ldexpl                                 
00022530  scalbn                                 
00022530  scalbnl                                
0002268a  fmax                                   
0002268a  fmaxl                                  
0002291e  shutdown                               
00022a54  fmin                                   
00022a54  fminl                                  
00022b86  __mspabi_subf                          
00022b8c  __mspabi_addf                          
00022de0  Show_Fuel                              
000230d8  __mspabi_cmpd                          
00023278  __mspabi_mpyf                          
00023330  __mspabi_cvtdf                         
000233e2  setCompStartState                      
00023494  SetTimers                              
000235ea  frexp                                  
000235ea  frexpl                                 
00023690  __mspabi_fltlid                        
0002372e  I2Csetup                               
000238e0  __mspabi_divf                          
00023970  writeLCDline                           
000239fe  LCD_chr                                
00023a88  ADCInit                                
00023b08  __TI_ltoa                              
00023b88  __mspabi_fltuld                        
00023c08  Show_Power                             
00023c82  main                                   
00023d74  __TI_decompress_lzss                   
00023dea  Set_FCSFan                             
00023e5a  __mspabi_fixdul                        
00023ec2  __mspabi_fixfi                         
00023f2a  __mspabi_fixdli                        
00023f90  LCD_init                               
00023ff4  __mspabi_cvtfd                         
00024058  atoi                                   
000240ba  __mspabi_mpyll_f5hw                    
00024116  __mspabi_divul                         
00024116  __mspabi_remul                         
0002416e  __TI_auto_init_nobinit_nopinit_hold_wdt
00024210  initialCompState                       
0002425e  LCD_cls                                
000242a8  __mspabi_cmpf                          
000242f2  sendLCD                                
0002433a  __mspabi_fixfu                         
00024380  sprintf                                
000243c4  LCD_reset                              
00024406  LCD_gotoxy                             
00024446  __mspabi_srall                         
00024486  __mspabi_divli                         
00024486  __mspabi_remli                         
000244c6  __mspabi_sral_15                       
000244ca  __mspabi_sral_14                       
000244ce  __mspabi_sral_13                       
000244d2  __mspabi_sral_12                       
000244d6  __mspabi_sral_11                       
000244da  __mspabi_sral_10                       
000244de  __mspabi_sral_9                        
000244e2  __mspabi_sral_8                        
000244e6  __mspabi_sral_7                        
000244ea  __mspabi_sral_6                        
000244ee  __mspabi_sral_5                        
000244f2  __mspabi_sral_4                        
000244f6  __mspabi_sral_3                        
000244fa  __mspabi_sral_2                        
000244fe  __mspabi_sral_1                        
00024504  __mspabi_slll_15                       
00024508  __mspabi_slll_14                       
0002450c  __mspabi_slll_13                       
00024510  __mspabi_slll_12                       
00024514  __mspabi_slll_11                       
00024518  __mspabi_slll_10                       
0002451c  __mspabi_slll_9                        
00024520  __mspabi_slll_8                        
00024524  __mspabi_slll_7                        
00024528  __mspabi_slll_6                        
0002452c  __mspabi_slll_5                        
00024530  __mspabi_slll_4                        
00024534  __mspabi_slll_3                        
00024538  __mspabi_slll_2                        
0002453c  __mspabi_slll_1                        
00024542  __mspabi_srll_15                       
00024546  __mspabi_srll_14                       
0002454a  __mspabi_srll_13                       
0002454e  __mspabi_srll_12                       
00024552  __mspabi_srll_11                       
00024556  __mspabi_srll_10                       
0002455a  __mspabi_srll_9                        
0002455e  __mspabi_srll_8                        
00024562  __mspabi_srll_7                        
00024566  __mspabi_srll_6                        
0002456a  __mspabi_srll_5                        
0002456e  __mspabi_srll_4                        
00024572  __mspabi_srll_3                        
00024576  __mspabi_srll_2                        
0002457a  __mspabi_srll_1                        
00024580  UART0_Init                             
000245bc  __mspabi_sllll                         
000245f6  __mspabi_srlll                         
00024630  __mspabi_fltif                         
00024666  __mspabi_subd                          
00024698  __mspabi_negd                          
000246c6  copysign                               
000246c6  copysignl                              
000246f4  __mspabi_mpyull_f5hw                   
00024720  __mspabi_divi                          
00024720  __mspabi_remi                          
0002474c  __mspabi_fixdi                         
00024774  memccpy                                
0002479a  SPIsetup                               
000247be  __TI_zero_init                         
000247e2  __mspabi_fltuf                         
00024806  __mspabi_mpyl_f5hw                     
0002484a  LCD_clr_line                           
00024866  strchr                                 
00024882  __mspabi_mpyi_f5hw                     
0002489a  memset                                 
000248b0  __mspabi_divu                          
000248b0  __mspabi_remu                          
000248c6  wcslen                                 
000248f0  memcpy                                 
00024904  __mspabi_fixdu                         
00024916  __TI_decompress_none                   
00024928  toupper                                
0002493a  __mspabi_srll                          
0002494a  strlen                                 
00024958  __mspabi_fltid                         
00024964  abs                                    
0002496e  __mspabi_negf                          
00024978  __mspabi_fltud                         
0002497e  C$$EXIT                                
0002497e  abort                                  
00024984  _system_pre_init                       
00024988  SMBUSjump                              
0002498a  UGmain                                 
0002498c  _system_post_cinit                     
0002498e  setFlash                               
00024990  verify                                 
00024992  verifyUG                               
ffffffff  __TI_pprof_out_hndl                    
ffffffff  __TI_prof_data_size                    
ffffffff  __TI_prof_data_start                   
ffffffff  __c_args__                             

[1361 symbols]
