<?xml version="1.0" encoding="ISO-8859-1" ?>
<link_info>
   <banner>MSP430 Linker PC v21.6.1.LTS</banner>
   <copyright>Copyright (c) 2003-2018 Texas Instruments Incorporated</copyright>
   <link_time>0x63a23327</link_time>
   <link_errors>0x0</link_errors>
   <output_file>MZERO_HB50Board.out</output_file>
   <entry_point>
      <name>_c_int00_noargs</name>
      <address>0x616c</address>
   </entry_point>
   <input_file_list>
      <input_file id="fl-2">
         <path>.\MP430DriverLib\driverlib\MSP430F5xx_6xx\</path>
         <kind>object</kind>
         <file>adc10_a.obj</file>
         <name>adc10_a.obj</name>
      </input_file>
      <input_file id="fl-3">
         <path>.\MP430DriverLib\driverlib\MSP430F5xx_6xx\</path>
         <kind>object</kind>
         <file>adc12_a.obj</file>
         <name>adc12_a.obj</name>
      </input_file>
      <input_file id="fl-4">
         <path>.\MP430DriverLib\driverlib\MSP430F5xx_6xx\</path>
         <kind>object</kind>
         <file>aes.obj</file>
         <name>aes.obj</name>
      </input_file>
      <input_file id="fl-5">
         <path>.\MP430DriverLib\driverlib\MSP430F5xx_6xx\</path>
         <kind>object</kind>
         <file>battbak.obj</file>
         <name>battbak.obj</name>
      </input_file>
      <input_file id="fl-6">
         <path>.\MP430DriverLib\driverlib\MSP430F5xx_6xx\</path>
         <kind>object</kind>
         <file>comp_b.obj</file>
         <name>comp_b.obj</name>
      </input_file>
      <input_file id="fl-7">
         <path>.\MP430DriverLib\driverlib\MSP430F5xx_6xx\</path>
         <kind>object</kind>
         <file>crc.obj</file>
         <name>crc.obj</name>
      </input_file>
      <input_file id="fl-8">
         <path>.\MP430DriverLib\driverlib\MSP430F5xx_6xx\</path>
         <kind>object</kind>
         <file>ctsd16.obj</file>
         <name>ctsd16.obj</name>
      </input_file>
      <input_file id="fl-9">
         <path>.\MP430DriverLib\driverlib\MSP430F5xx_6xx\</path>
         <kind>object</kind>
         <file>dac12_a.obj</file>
         <name>dac12_a.obj</name>
      </input_file>
      <input_file id="fl-a">
         <path>.\MP430DriverLib\driverlib\MSP430F5xx_6xx\</path>
         <kind>object</kind>
         <file>dma.obj</file>
         <name>dma.obj</name>
      </input_file>
      <input_file id="fl-b">
         <path>.\MP430DriverLib\driverlib\MSP430F5xx_6xx\</path>
         <kind>object</kind>
         <file>eusci_a_spi.obj</file>
         <name>eusci_a_spi.obj</name>
      </input_file>
      <input_file id="fl-c">
         <path>.\MP430DriverLib\driverlib\MSP430F5xx_6xx\</path>
         <kind>object</kind>
         <file>eusci_a_uart.obj</file>
         <name>eusci_a_uart.obj</name>
      </input_file>
      <input_file id="fl-d">
         <path>.\MP430DriverLib\driverlib\MSP430F5xx_6xx\</path>
         <kind>object</kind>
         <file>eusci_b_i2c.obj</file>
         <name>eusci_b_i2c.obj</name>
      </input_file>
      <input_file id="fl-e">
         <path>.\MP430DriverLib\driverlib\MSP430F5xx_6xx\</path>
         <kind>object</kind>
         <file>eusci_b_spi.obj</file>
         <name>eusci_b_spi.obj</name>
      </input_file>
      <input_file id="fl-f">
         <path>.\MP430DriverLib\driverlib\MSP430F5xx_6xx\</path>
         <kind>object</kind>
         <file>flashctl.obj</file>
         <name>flashctl.obj</name>
      </input_file>
      <input_file id="fl-10">
         <path>.\MP430DriverLib\driverlib\MSP430F5xx_6xx\</path>
         <kind>object</kind>
         <file>gpio.obj</file>
         <name>gpio.obj</name>
      </input_file>
      <input_file id="fl-11">
         <path>.\MP430DriverLib\driverlib\MSP430F5xx_6xx\</path>
         <kind>object</kind>
         <file>lcd_b.obj</file>
         <name>lcd_b.obj</name>
      </input_file>
      <input_file id="fl-12">
         <path>.\MP430DriverLib\driverlib\MSP430F5xx_6xx\</path>
         <kind>object</kind>
         <file>lcd_c.obj</file>
         <name>lcd_c.obj</name>
      </input_file>
      <input_file id="fl-13">
         <path>.\MP430DriverLib\driverlib\MSP430F5xx_6xx\</path>
         <kind>object</kind>
         <file>ldopwr.obj</file>
         <name>ldopwr.obj</name>
      </input_file>
      <input_file id="fl-14">
         <path>.\MP430DriverLib\driverlib\MSP430F5xx_6xx\</path>
         <kind>object</kind>
         <file>mpy32.obj</file>
         <name>mpy32.obj</name>
      </input_file>
      <input_file id="fl-15">
         <path>.\MP430DriverLib\driverlib\MSP430F5xx_6xx\</path>
         <kind>object</kind>
         <file>oa.obj</file>
         <name>oa.obj</name>
      </input_file>
      <input_file id="fl-16">
         <path>.\MP430DriverLib\driverlib\MSP430F5xx_6xx\</path>
         <kind>object</kind>
         <file>pmap.obj</file>
         <name>pmap.obj</name>
      </input_file>
      <input_file id="fl-17">
         <path>.\MP430DriverLib\driverlib\MSP430F5xx_6xx\</path>
         <kind>object</kind>
         <file>pmm.obj</file>
         <name>pmm.obj</name>
      </input_file>
      <input_file id="fl-18">
         <path>.\MP430DriverLib\driverlib\MSP430F5xx_6xx\</path>
         <kind>object</kind>
         <file>ram.obj</file>
         <name>ram.obj</name>
      </input_file>
      <input_file id="fl-19">
         <path>.\MP430DriverLib\driverlib\MSP430F5xx_6xx\</path>
         <kind>object</kind>
         <file>ref.obj</file>
         <name>ref.obj</name>
      </input_file>
      <input_file id="fl-1a">
         <path>.\MP430DriverLib\driverlib\MSP430F5xx_6xx\</path>
         <kind>object</kind>
         <file>rtc_a.obj</file>
         <name>rtc_a.obj</name>
      </input_file>
      <input_file id="fl-1b">
         <path>.\MP430DriverLib\driverlib\MSP430F5xx_6xx\</path>
         <kind>object</kind>
         <file>rtc_b.obj</file>
         <name>rtc_b.obj</name>
      </input_file>
      <input_file id="fl-1c">
         <path>.\MP430DriverLib\driverlib\MSP430F5xx_6xx\</path>
         <kind>object</kind>
         <file>rtc_c.obj</file>
         <name>rtc_c.obj</name>
      </input_file>
      <input_file id="fl-1d">
         <path>.\MP430DriverLib\driverlib\MSP430F5xx_6xx\</path>
         <kind>object</kind>
         <file>sd24_b.obj</file>
         <name>sd24_b.obj</name>
      </input_file>
      <input_file id="fl-1e">
         <path>.\MP430DriverLib\driverlib\MSP430F5xx_6xx\</path>
         <kind>object</kind>
         <file>sfr.obj</file>
         <name>sfr.obj</name>
      </input_file>
      <input_file id="fl-1f">
         <path>.\MP430DriverLib\driverlib\MSP430F5xx_6xx\</path>
         <kind>object</kind>
         <file>sysctl.obj</file>
         <name>sysctl.obj</name>
      </input_file>
      <input_file id="fl-20">
         <path>.\MP430DriverLib\driverlib\MSP430F5xx_6xx\</path>
         <kind>object</kind>
         <file>tec.obj</file>
         <name>tec.obj</name>
      </input_file>
      <input_file id="fl-21">
         <path>.\MP430DriverLib\driverlib\MSP430F5xx_6xx\</path>
         <kind>object</kind>
         <file>timer_a.obj</file>
         <name>timer_a.obj</name>
      </input_file>
      <input_file id="fl-22">
         <path>.\MP430DriverLib\driverlib\MSP430F5xx_6xx\</path>
         <kind>object</kind>
         <file>timer_b.obj</file>
         <name>timer_b.obj</name>
      </input_file>
      <input_file id="fl-23">
         <path>.\MP430DriverLib\driverlib\MSP430F5xx_6xx\</path>
         <kind>object</kind>
         <file>timer_d.obj</file>
         <name>timer_d.obj</name>
      </input_file>
      <input_file id="fl-24">
         <path>.\MP430DriverLib\driverlib\MSP430F5xx_6xx\</path>
         <kind>object</kind>
         <file>tlv.obj</file>
         <name>tlv.obj</name>
      </input_file>
      <input_file id="fl-25">
         <path>.\MP430DriverLib\driverlib\MSP430F5xx_6xx\</path>
         <kind>object</kind>
         <file>ucs.obj</file>
         <name>ucs.obj</name>
      </input_file>
      <input_file id="fl-26">
         <path>.\MP430DriverLib\driverlib\MSP430F5xx_6xx\</path>
         <kind>object</kind>
         <file>usci_a_spi.obj</file>
         <name>usci_a_spi.obj</name>
      </input_file>
      <input_file id="fl-27">
         <path>.\MP430DriverLib\driverlib\MSP430F5xx_6xx\</path>
         <kind>object</kind>
         <file>usci_a_uart.obj</file>
         <name>usci_a_uart.obj</name>
      </input_file>
      <input_file id="fl-28">
         <path>.\MP430DriverLib\driverlib\MSP430F5xx_6xx\</path>
         <kind>object</kind>
         <file>usci_b_i2c.obj</file>
         <name>usci_b_i2c.obj</name>
      </input_file>
      <input_file id="fl-29">
         <path>.\MP430DriverLib\driverlib\MSP430F5xx_6xx\</path>
         <kind>object</kind>
         <file>usci_b_spi.obj</file>
         <name>usci_b_spi.obj</name>
      </input_file>
      <input_file id="fl-2a">
         <path>.\MP430DriverLib\driverlib\MSP430F5xx_6xx\</path>
         <kind>object</kind>
         <file>wdt_a.obj</file>
         <name>wdt_a.obj</name>
      </input_file>
      <input_file id="fl-2b">
         <path>.\src\</path>
         <kind>object</kind>
         <file>ADC ISR G.obj</file>
         <name>ADC ISR G.obj</name>
      </input_file>
      <input_file id="fl-2c">
         <path>.\src\</path>
         <kind>object</kind>
         <file>ADC_Calculations.obj</file>
         <name>ADC_Calculations.obj</name>
      </input_file>
      <input_file id="fl-2d">
         <path>.\src\</path>
         <kind>object</kind>
         <file>Air_Compressors.obj</file>
         <name>Air_Compressors.obj</name>
      </input_file>
      <input_file id="fl-2e">
         <path>.\src\</path>
         <kind>object</kind>
         <file>Altitude.obj</file>
         <name>Altitude.obj</name>
      </input_file>
      <input_file id="fl-2f">
         <path>.\src\</path>
         <kind>object</kind>
         <file>Calibration.obj</file>
         <name>Calibration.obj</name>
      </input_file>
      <input_file id="fl-30">
         <path>.\src\</path>
         <kind>object</kind>
         <file>Cool_Down_off.obj</file>
         <name>Cool_Down_off.obj</name>
      </input_file>
      <input_file id="fl-31">
         <path>.\src\</path>
         <kind>object</kind>
         <file>Dallas.obj</file>
         <name>Dallas.obj</name>
      </input_file>
      <input_file id="fl-32">
         <path>.\src\</path>
         <kind>object</kind>
         <file>Fans.obj</file>
         <name>Fans.obj</name>
      </input_file>
      <input_file id="fl-33">
         <path>.\src\</path>
         <kind>object</kind>
         <file>Flash.obj</file>
         <name>Flash.obj</name>
      </input_file>
      <input_file id="fl-34">
         <path>.\src\</path>
         <kind>object</kind>
         <file>Fuel_Gauge.obj</file>
         <name>Fuel_Gauge.obj</name>
      </input_file>
      <input_file id="fl-35">
         <path>.\src\</path>
         <kind>object</kind>
         <file>ISR.obj</file>
         <name>ISR.obj</name>
      </input_file>
      <input_file id="fl-36">
         <path>.\src\</path>
         <kind>object</kind>
         <file>Initialize.obj</file>
         <name>Initialize.obj</name>
      </input_file>
      <input_file id="fl-37">
         <path>.\src\</path>
         <kind>object</kind>
         <file>LCD_ST7565P.obj</file>
         <name>LCD_ST7565P.obj</name>
      </input_file>
      <input_file id="fl-38">
         <path>.\src\</path>
         <kind>object</kind>
         <file>Limits.obj</file>
         <name>Limits.obj</name>
      </input_file>
      <input_file id="fl-39">
         <path>.\src\</path>
         <kind>object</kind>
         <file>Main.obj</file>
         <name>Main.obj</name>
      </input_file>
      <input_file id="fl-3a">
         <path>.\src\</path>
         <kind>object</kind>
         <file>Momentary_Switch.obj</file>
         <name>Momentary_Switch.obj</name>
      </input_file>
      <input_file id="fl-3b">
         <path>.\src\</path>
         <kind>object</kind>
         <file>Output_Voltage_Set.obj</file>
         <name>Output_Voltage_Set.obj</name>
      </input_file>
      <input_file id="fl-3c">
         <path>.\src\</path>
         <kind>object</kind>
         <file>Power_Limit.obj</file>
         <name>Power_Limit.obj</name>
      </input_file>
      <input_file id="fl-3d">
         <path>.\src\</path>
         <kind>object</kind>
         <file>TC_Fault_Check.obj</file>
         <name>TC_Fault_Check.obj</name>
      </input_file>
      <input_file id="fl-3e">
         <path>.\src\</path>
         <kind>object</kind>
         <file>Timing.obj</file>
         <name>Timing.obj</name>
      </input_file>
      <input_file id="fl-3f">
         <path>.\src\</path>
         <kind>object</kind>
         <file>calcs.obj</file>
         <name>calcs.obj</name>
      </input_file>
      <input_file id="fl-40">
         <path>.\src\</path>
         <kind>object</kind>
         <file>emergencycheck.obj</file>
         <name>emergencycheck.obj</name>
      </input_file>
      <input_file id="fl-41">
         <path>.\src\</path>
         <kind>object</kind>
         <file>flight_recorder.obj</file>
         <name>flight_recorder.obj</name>
      </input_file>
      <input_file id="fl-42">
         <path>.\src\</path>
         <kind>object</kind>
         <file>loadfollow.obj</file>
         <name>loadfollow.obj</name>
      </input_file>
      <input_file id="fl-43">
         <path>.\src\</path>
         <kind>object</kind>
         <file>pumps.obj</file>
         <name>pumps.obj</name>
      </input_file>
      <input_file id="fl-44">
         <path>.\src\</path>
         <kind>object</kind>
         <file>run.obj</file>
         <name>run.obj</name>
      </input_file>
      <input_file id="fl-45">
         <path>.\src\</path>
         <kind>object</kind>
         <file>shutdown.obj</file>
         <name>shutdown.obj</name>
      </input_file>
      <input_file id="fl-46">
         <path>.\src\</path>
         <kind>object</kind>
         <file>start.obj</file>
         <name>start.obj</name>
      </input_file>
      <input_file id="fl-4c">
         <kind>object</kind>
         <file>&lt;internal&gt;</file>
         <name>&lt;internal&gt;</name>
      </input_file>
      <input_file id="fl-67">
         <path>C:\ti\ccs1110\ccs\tools\compiler\ti-cgt-msp430_21.6.1.LTS\lib\</path>
         <kind>archive</kind>
         <file>rts430x_lc_rd_eabi.lib</file>
         <name>sprintf.c.obj</name>
      </input_file>
      <input_file id="fl-68">
         <path>C:\ti\ccs1110\ccs\tools\compiler\ti-cgt-msp430_21.6.1.LTS\lib\</path>
         <kind>archive</kind>
         <file>rts430x_lc_rd_eabi.lib</file>
         <name>ti_fmax.c.obj</name>
      </input_file>
      <input_file id="fl-69">
         <path>C:\ti\ccs1110\ccs\tools\compiler\ti-cgt-msp430_21.6.1.LTS\lib\</path>
         <kind>archive</kind>
         <file>rts430x_lc_rd_eabi.lib</file>
         <name>div16s.asm.obj</name>
      </input_file>
      <input_file id="fl-6a">
         <path>C:\ti\ccs1110\ccs\tools\compiler\ti-cgt-msp430_21.6.1.LTS\lib\</path>
         <kind>archive</kind>
         <file>rts430x_lc_rd_eabi.lib</file>
         <name>div16u.asm.obj</name>
      </input_file>
      <input_file id="fl-6b">
         <path>C:\ti\ccs1110\ccs\tools\compiler\ti-cgt-msp430_21.6.1.LTS\lib\</path>
         <kind>archive</kind>
         <file>rts430x_lc_rd_eabi.lib</file>
         <name>div32s.asm.obj</name>
      </input_file>
      <input_file id="fl-6c">
         <path>C:\ti\ccs1110\ccs\tools\compiler\ti-cgt-msp430_21.6.1.LTS\lib\</path>
         <kind>archive</kind>
         <file>rts430x_lc_rd_eabi.lib</file>
         <name>div32u.asm.obj</name>
      </input_file>
      <input_file id="fl-6d">
         <path>C:\ti\ccs1110\ccs\tools\compiler\ti-cgt-msp430_21.6.1.LTS\lib\</path>
         <kind>archive</kind>
         <file>rts430x_lc_rd_eabi.lib</file>
         <name>fs_add.asm.obj</name>
      </input_file>
      <input_file id="fl-6e">
         <path>C:\ti\ccs1110\ccs\tools\compiler\ti-cgt-msp430_21.6.1.LTS\lib\</path>
         <kind>archive</kind>
         <file>rts430x_lc_rd_eabi.lib</file>
         <name>fs_cmp.asm.obj</name>
      </input_file>
      <input_file id="fl-6f">
         <path>C:\ti\ccs1110\ccs\tools\compiler\ti-cgt-msp430_21.6.1.LTS\lib\</path>
         <kind>archive</kind>
         <file>rts430x_lc_rd_eabi.lib</file>
         <name>fs_div.asm.obj</name>
      </input_file>
      <input_file id="fl-70">
         <path>C:\ti\ccs1110\ccs\tools\compiler\ti-cgt-msp430_21.6.1.LTS\lib\</path>
         <kind>archive</kind>
         <file>rts430x_lc_rd_eabi.lib</file>
         <name>fs_itof.asm.obj</name>
      </input_file>
      <input_file id="fl-71">
         <path>C:\ti\ccs1110\ccs\tools\compiler\ti-cgt-msp430_21.6.1.LTS\lib\</path>
         <kind>archive</kind>
         <file>rts430x_lc_rd_eabi.lib</file>
         <name>fs_mpy.asm.obj</name>
      </input_file>
      <input_file id="fl-72">
         <path>C:\ti\ccs1110\ccs\tools\compiler\ti-cgt-msp430_21.6.1.LTS\lib\</path>
         <kind>archive</kind>
         <file>rts430x_lc_rd_eabi.lib</file>
         <name>fs_neg.asm.obj</name>
      </input_file>
      <input_file id="fl-73">
         <path>C:\ti\ccs1110\ccs\tools\compiler\ti-cgt-msp430_21.6.1.LTS\lib\</path>
         <kind>archive</kind>
         <file>rts430x_lc_rd_eabi.lib</file>
         <name>fs_toi.asm.obj</name>
      </input_file>
      <input_file id="fl-74">
         <path>C:\ti\ccs1110\ccs\tools\compiler\ti-cgt-msp430_21.6.1.LTS\lib\</path>
         <kind>archive</kind>
         <file>rts430x_lc_rd_eabi.lib</file>
         <name>fs_tou.asm.obj</name>
      </input_file>
      <input_file id="fl-75">
         <path>C:\ti\ccs1110\ccs\tools\compiler\ti-cgt-msp430_21.6.1.LTS\lib\</path>
         <kind>archive</kind>
         <file>rts430x_lc_rd_eabi.lib</file>
         <name>fs_utof.asm.obj</name>
      </input_file>
      <input_file id="fl-76">
         <path>C:\ti\ccs1110\ccs\tools\compiler\ti-cgt-msp430_21.6.1.LTS\lib\</path>
         <kind>archive</kind>
         <file>rts430x_lc_rd_eabi.lib</file>
         <name>int41.asm.obj</name>
      </input_file>
      <input_file id="fl-77">
         <path>C:\ti\ccs1110\ccs\tools\compiler\ti-cgt-msp430_21.6.1.LTS\lib\</path>
         <kind>archive</kind>
         <file>rts430x_lc_rd_eabi.lib</file>
         <name>int42.asm.obj</name>
      </input_file>
      <input_file id="fl-78">
         <path>C:\ti\ccs1110\ccs\tools\compiler\ti-cgt-msp430_21.6.1.LTS\lib\</path>
         <kind>archive</kind>
         <file>rts430x_lc_rd_eabi.lib</file>
         <name>int43.asm.obj</name>
      </input_file>
      <input_file id="fl-79">
         <path>C:\ti\ccs1110\ccs\tools\compiler\ti-cgt-msp430_21.6.1.LTS\lib\</path>
         <kind>archive</kind>
         <file>rts430x_lc_rd_eabi.lib</file>
         <name>int44.asm.obj</name>
      </input_file>
      <input_file id="fl-7a">
         <path>C:\ti\ccs1110\ccs\tools\compiler\ti-cgt-msp430_21.6.1.LTS\lib\</path>
         <kind>archive</kind>
         <file>rts430x_lc_rd_eabi.lib</file>
         <name>int50.asm.obj</name>
      </input_file>
      <input_file id="fl-7b">
         <path>C:\ti\ccs1110\ccs\tools\compiler\ti-cgt-msp430_21.6.1.LTS\lib\</path>
         <kind>archive</kind>
         <file>rts430x_lc_rd_eabi.lib</file>
         <name>int52.asm.obj</name>
      </input_file>
      <input_file id="fl-7c">
         <path>C:\ti\ccs1110\ccs\tools\compiler\ti-cgt-msp430_21.6.1.LTS\lib\</path>
         <kind>archive</kind>
         <file>rts430x_lc_rd_eabi.lib</file>
         <name>int55.asm.obj</name>
      </input_file>
      <input_file id="fl-7d">
         <path>C:\ti\ccs1110\ccs\tools\compiler\ti-cgt-msp430_21.6.1.LTS\lib\</path>
         <kind>archive</kind>
         <file>rts430x_lc_rd_eabi.lib</file>
         <name>int58.asm.obj</name>
      </input_file>
      <input_file id="fl-7e">
         <path>C:\ti\ccs1110\ccs\tools\compiler\ti-cgt-msp430_21.6.1.LTS\lib\</path>
         <kind>archive</kind>
         <file>rts430x_lc_rd_eabi.lib</file>
         <name>int59.asm.obj</name>
      </input_file>
      <input_file id="fl-7f">
         <path>C:\ti\ccs1110\ccs\tools\compiler\ti-cgt-msp430_21.6.1.LTS\lib\</path>
         <kind>archive</kind>
         <file>rts430x_lc_rd_eabi.lib</file>
         <name>int60.asm.obj</name>
      </input_file>
      <input_file id="fl-80">
         <path>C:\ti\ccs1110\ccs\tools\compiler\ti-cgt-msp430_21.6.1.LTS\lib\</path>
         <kind>archive</kind>
         <file>rts430x_lc_rd_eabi.lib</file>
         <name>int61.asm.obj</name>
      </input_file>
      <input_file id="fl-81">
         <path>C:\ti\ccs1110\ccs\tools\compiler\ti-cgt-msp430_21.6.1.LTS\lib\</path>
         <kind>archive</kind>
         <file>rts430x_lc_rd_eabi.lib</file>
         <name>int62.asm.obj</name>
      </input_file>
      <input_file id="fl-82">
         <path>C:\ti\ccs1110\ccs\tools\compiler\ti-cgt-msp430_21.6.1.LTS\lib\</path>
         <kind>archive</kind>
         <file>rts430x_lc_rd_eabi.lib</file>
         <name>isr_trap.asm.obj</name>
      </input_file>
      <input_file id="fl-83">
         <path>C:\ti\ccs1110\ccs\tools\compiler\ti-cgt-msp430_21.6.1.LTS\lib\</path>
         <kind>archive</kind>
         <file>rts430x_lc_rd_eabi.lib</file>
         <name>lsl16.asm.obj</name>
      </input_file>
      <input_file id="fl-84">
         <path>C:\ti\ccs1110\ccs\tools\compiler\ti-cgt-msp430_21.6.1.LTS\lib\</path>
         <kind>archive</kind>
         <file>rts430x_lc_rd_eabi.lib</file>
         <name>mult16.asm.obj</name>
      </input_file>
      <input_file id="fl-85">
         <path>C:\ti\ccs1110\ccs\tools\compiler\ti-cgt-msp430_21.6.1.LTS\lib\</path>
         <kind>archive</kind>
         <file>rts430x_lc_rd_eabi.lib</file>
         <name>mult16_f5hw.asm.obj</name>
      </input_file>
      <input_file id="fl-86">
         <path>C:\ti\ccs1110\ccs\tools\compiler\ti-cgt-msp430_21.6.1.LTS\lib\</path>
         <kind>archive</kind>
         <file>rts430x_lc_rd_eabi.lib</file>
         <name>mult1632_f5hw.asm.obj</name>
      </input_file>
      <input_file id="fl-87">
         <path>C:\ti\ccs1110\ccs\tools\compiler\ti-cgt-msp430_21.6.1.LTS\lib\</path>
         <kind>archive</kind>
         <file>rts430x_lc_rd_eabi.lib</file>
         <name>mult32.asm.obj</name>
      </input_file>
      <input_file id="fl-88">
         <path>C:\ti\ccs1110\ccs\tools\compiler\ti-cgt-msp430_21.6.1.LTS\lib\</path>
         <kind>archive</kind>
         <file>rts430x_lc_rd_eabi.lib</file>
         <name>mult32_f5hw.asm.obj</name>
      </input_file>
      <input_file id="fl-89">
         <path>C:\ti\ccs1110\ccs\tools\compiler\ti-cgt-msp430_21.6.1.LTS\lib\</path>
         <kind>archive</kind>
         <file>rts430x_lc_rd_eabi.lib</file>
         <name>mult3264_f5hw.asm.obj</name>
      </input_file>
      <input_file id="fl-8a">
         <path>C:\ti\ccs1110\ccs\tools\compiler\ti-cgt-msp430_21.6.1.LTS\lib\</path>
         <kind>archive</kind>
         <file>rts430x_lc_rd_eabi.lib</file>
         <name>mult64_f5hw.asm.obj</name>
      </input_file>
      <input_file id="fl-8b">
         <path>C:\ti\ccs1110\ccs\tools\compiler\ti-cgt-msp430_21.6.1.LTS\lib\</path>
         <kind>archive</kind>
         <file>rts430x_lc_rd_eabi.lib</file>
         <name>boot.c.obj</name>
      </input_file>
      <input_file id="fl-8c">
         <path>C:\ti\ccs1110\ccs\tools\compiler\ti-cgt-msp430_21.6.1.LTS\lib\</path>
         <kind>archive</kind>
         <file>rts430x_lc_rd_eabi.lib</file>
         <name>autoinit.c.obj</name>
      </input_file>
      <input_file id="fl-8d">
         <path>C:\ti\ccs1110\ccs\tools\compiler\ti-cgt-msp430_21.6.1.LTS\lib\</path>
         <kind>archive</kind>
         <file>rts430x_lc_rd_eabi.lib</file>
         <name>copy_zero_init.c.obj</name>
      </input_file>
      <input_file id="fl-8e">
         <path>C:\ti\ccs1110\ccs\tools\compiler\ti-cgt-msp430_21.6.1.LTS\lib\</path>
         <kind>archive</kind>
         <file>rts430x_lc_rd_eabi.lib</file>
         <name>cpy_tbl.c.obj</name>
      </input_file>
      <input_file id="fl-8f">
         <path>C:\ti\ccs1110\ccs\tools\compiler\ti-cgt-msp430_21.6.1.LTS\lib\</path>
         <kind>archive</kind>
         <file>rts430x_lc_rd_eabi.lib</file>
         <name>mpu_init.c.obj</name>
      </input_file>
      <input_file id="fl-90">
         <path>C:\ti\ccs1110\ccs\tools\compiler\ti-cgt-msp430_21.6.1.LTS\lib\</path>
         <kind>archive</kind>
         <file>rts430x_lc_rd_eabi.lib</file>
         <name>lsr64.c.obj</name>
      </input_file>
      <input_file id="fl-91">
         <path>C:\ti\ccs1110\ccs\tools\compiler\ti-cgt-msp430_21.6.1.LTS\lib\</path>
         <kind>archive</kind>
         <file>rts430x_lc_rd_eabi.lib</file>
         <name>pre_init.c.obj</name>
      </input_file>
      <input_file id="fl-92">
         <path>C:\ti\ccs1110\ccs\tools\compiler\ti-cgt-msp430_21.6.1.LTS\lib\</path>
         <kind>archive</kind>
         <file>rts430x_lc_rd_eabi.lib</file>
         <name>startup.c.obj</name>
      </input_file>
      <input_file id="fl-93">
         <path>C:\ti\ccs1110\ccs\tools\compiler\ti-cgt-msp430_21.6.1.LTS\lib\</path>
         <kind>archive</kind>
         <file>rts430x_lc_rd_eabi.lib</file>
         <name>copy_decompress_none.c.obj</name>
      </input_file>
      <input_file id="fl-94">
         <path>C:\ti\ccs1110\ccs\tools\compiler\ti-cgt-msp430_21.6.1.LTS\lib\</path>
         <kind>archive</kind>
         <file>rts430x_lc_rd_eabi.lib</file>
         <name>copy_decompress_lzss.c.obj</name>
      </input_file>
      <input_file id="fl-95">
         <path>C:\ti\ccs1110\ccs\tools\compiler\ti-cgt-msp430_21.6.1.LTS\lib\</path>
         <kind>archive</kind>
         <file>rts430x_lc_rd_eabi.lib</file>
         <name>cvtdf.c.obj</name>
      </input_file>
      <input_file id="fl-96">
         <path>C:\ti\ccs1110\ccs\tools\compiler\ti-cgt-msp430_21.6.1.LTS\lib\</path>
         <kind>archive</kind>
         <file>rts430x_lc_rd_eabi.lib</file>
         <name>addd.c.obj</name>
      </input_file>
      <input_file id="fl-97">
         <path>C:\ti\ccs1110\ccs\tools\compiler\ti-cgt-msp430_21.6.1.LTS\lib\</path>
         <kind>archive</kind>
         <file>rts430x_lc_rd_eabi.lib</file>
         <name>cmpd.c.obj</name>
      </input_file>
      <input_file id="fl-98">
         <path>C:\ti\ccs1110\ccs\tools\compiler\ti-cgt-msp430_21.6.1.LTS\lib\</path>
         <kind>archive</kind>
         <file>rts430x_lc_rd_eabi.lib</file>
         <name>cvtfd.c.obj</name>
      </input_file>
      <input_file id="fl-99">
         <path>C:\ti\ccs1110\ccs\tools\compiler\ti-cgt-msp430_21.6.1.LTS\lib\</path>
         <kind>archive</kind>
         <file>rts430x_lc_rd_eabi.lib</file>
         <name>divd.c.obj</name>
      </input_file>
      <input_file id="fl-9a">
         <path>C:\ti\ccs1110\ccs\tools\compiler\ti-cgt-msp430_21.6.1.LTS\lib\</path>
         <kind>archive</kind>
         <file>rts430x_lc_rd_eabi.lib</file>
         <name>fixdi.c.obj</name>
      </input_file>
      <input_file id="fl-9b">
         <path>C:\ti\ccs1110\ccs\tools\compiler\ti-cgt-msp430_21.6.1.LTS\lib\</path>
         <kind>archive</kind>
         <file>rts430x_lc_rd_eabi.lib</file>
         <name>fixdli.c.obj</name>
      </input_file>
      <input_file id="fl-9c">
         <path>C:\ti\ccs1110\ccs\tools\compiler\ti-cgt-msp430_21.6.1.LTS\lib\</path>
         <kind>archive</kind>
         <file>rts430x_lc_rd_eabi.lib</file>
         <name>fixdu.c.obj</name>
      </input_file>
      <input_file id="fl-9d">
         <path>C:\ti\ccs1110\ccs\tools\compiler\ti-cgt-msp430_21.6.1.LTS\lib\</path>
         <kind>archive</kind>
         <file>rts430x_lc_rd_eabi.lib</file>
         <name>fixdul.c.obj</name>
      </input_file>
      <input_file id="fl-9e">
         <path>C:\ti\ccs1110\ccs\tools\compiler\ti-cgt-msp430_21.6.1.LTS\lib\</path>
         <kind>archive</kind>
         <file>rts430x_lc_rd_eabi.lib</file>
         <name>fltid.c.obj</name>
      </input_file>
      <input_file id="fl-9f">
         <path>C:\ti\ccs1110\ccs\tools\compiler\ti-cgt-msp430_21.6.1.LTS\lib\</path>
         <kind>archive</kind>
         <file>rts430x_lc_rd_eabi.lib</file>
         <name>fltlid.c.obj</name>
      </input_file>
      <input_file id="fl-a0">
         <path>C:\ti\ccs1110\ccs\tools\compiler\ti-cgt-msp430_21.6.1.LTS\lib\</path>
         <kind>archive</kind>
         <file>rts430x_lc_rd_eabi.lib</file>
         <name>fltud.c.obj</name>
      </input_file>
      <input_file id="fl-a1">
         <path>C:\ti\ccs1110\ccs\tools\compiler\ti-cgt-msp430_21.6.1.LTS\lib\</path>
         <kind>archive</kind>
         <file>rts430x_lc_rd_eabi.lib</file>
         <name>fltuld.c.obj</name>
      </input_file>
      <input_file id="fl-a2">
         <path>C:\ti\ccs1110\ccs\tools\compiler\ti-cgt-msp430_21.6.1.LTS\lib\</path>
         <kind>archive</kind>
         <file>rts430x_lc_rd_eabi.lib</file>
         <name>frcdivd.c.obj</name>
      </input_file>
      <input_file id="fl-a3">
         <path>C:\ti\ccs1110\ccs\tools\compiler\ti-cgt-msp430_21.6.1.LTS\lib\</path>
         <kind>archive</kind>
         <file>rts430x_lc_rd_eabi.lib</file>
         <name>mpyd.c.obj</name>
      </input_file>
      <input_file id="fl-a4">
         <path>C:\ti\ccs1110\ccs\tools\compiler\ti-cgt-msp430_21.6.1.LTS\lib\</path>
         <kind>archive</kind>
         <file>rts430x_lc_rd_eabi.lib</file>
         <name>negd.c.obj</name>
      </input_file>
      <input_file id="fl-a5">
         <path>C:\ti\ccs1110\ccs\tools\compiler\ti-cgt-msp430_21.6.1.LTS\lib\</path>
         <kind>archive</kind>
         <file>rts430x_lc_rd_eabi.lib</file>
         <name>subd.c.obj</name>
      </input_file>
      <input_file id="fl-a6">
         <path>C:\ti\ccs1110\ccs\tools\compiler\ti-cgt-msp430_21.6.1.LTS\lib\</path>
         <kind>archive</kind>
         <file>rts430x_lc_rd_eabi.lib</file>
         <name>exit.c.obj</name>
      </input_file>
      <input_file id="fl-a7">
         <path>C:\ti\ccs1110\ccs\tools\compiler\ti-cgt-msp430_21.6.1.LTS\lib\</path>
         <kind>archive</kind>
         <file>rts430x_lc_rd_eabi.lib</file>
         <name>_lock.c.obj</name>
      </input_file>
      <input_file id="fl-a8">
         <path>C:\ti\ccs1110\ccs\tools\compiler\ti-cgt-msp430_21.6.1.LTS\lib\</path>
         <kind>archive</kind>
         <file>rts430x_lc_rd_eabi.lib</file>
         <name>args_main.c.obj</name>
      </input_file>
      <input_file id="fl-a9">
         <path>C:\ti\ccs1110\ccs\tools\compiler\ti-cgt-msp430_21.6.1.LTS\lib\</path>
         <kind>archive</kind>
         <file>rts430x_lc_rd_eabi.lib</file>
         <name>memcpy.c.obj</name>
      </input_file>
      <input_file id="fl-aa">
         <path>C:\ti\ccs1110\ccs\tools\compiler\ti-cgt-msp430_21.6.1.LTS\lib\</path>
         <kind>archive</kind>
         <file>rts430x_lc_rd_eabi.lib</file>
         <name>memset.c.obj</name>
      </input_file>
      <input_file id="fl-ab">
         <path>C:\ti\ccs1110\ccs\tools\compiler\ti-cgt-msp430_21.6.1.LTS\lib\</path>
         <kind>archive</kind>
         <file>rts430x_lc_rd_eabi.lib</file>
         <name>_printfi.c.obj</name>
      </input_file>
      <input_file id="fl-ac">
         <path>C:\ti\ccs1110\ccs\tools\compiler\ti-cgt-msp430_21.6.1.LTS\lib\</path>
         <kind>archive</kind>
         <file>rts430x_lc_rd_eabi.lib</file>
         <name>s_frexp.c.obj</name>
      </input_file>
      <input_file id="fl-ad">
         <path>C:\ti\ccs1110\ccs\tools\compiler\ti-cgt-msp430_21.6.1.LTS\lib\</path>
         <kind>archive</kind>
         <file>rts430x_lc_rd_eabi.lib</file>
         <name>s_scalbn.c.obj</name>
      </input_file>
      <input_file id="fl-ae">
         <path>C:\ti\ccs1110\ccs\tools\compiler\ti-cgt-msp430_21.6.1.LTS\lib\</path>
         <kind>archive</kind>
         <file>rts430x_lc_rd_eabi.lib</file>
         <name>s_copysign.c.obj</name>
      </input_file>
      <input_file id="fl-af">
         <path>C:\ti\ccs1110\ccs\tools\compiler\ti-cgt-msp430_21.6.1.LTS\lib\</path>
         <kind>archive</kind>
         <file>rts430x_lc_rd_eabi.lib</file>
         <name>wcslen.c.obj</name>
      </input_file>
      <input_file id="fl-b0">
         <path>C:\ti\ccs1110\ccs\tools\compiler\ti-cgt-msp430_21.6.1.LTS\lib\</path>
         <kind>archive</kind>
         <file>rts430x_lc_rd_eabi.lib</file>
         <name>asr32.asm.obj</name>
      </input_file>
      <input_file id="fl-b1">
         <path>C:\ti\ccs1110\ccs\tools\compiler\ti-cgt-msp430_21.6.1.LTS\lib\</path>
         <kind>archive</kind>
         <file>rts430x_lc_rd_eabi.lib</file>
         <name>lsl32.asm.obj</name>
      </input_file>
      <input_file id="fl-b2">
         <path>C:\ti\ccs1110\ccs\tools\compiler\ti-cgt-msp430_21.6.1.LTS\lib\</path>
         <kind>archive</kind>
         <file>rts430x_lc_rd_eabi.lib</file>
         <name>lsr32.asm.obj</name>
      </input_file>
      <input_file id="fl-b3">
         <path>C:\ti\ccs1110\ccs\tools\compiler\ti-cgt-msp430_21.6.1.LTS\lib\</path>
         <kind>archive</kind>
         <file>rts430x_lc_rd_eabi.lib</file>
         <name>exit_gvars.c.obj</name>
      </input_file>
      <input_file id="fl-b4">
         <path>C:\ti\ccs1110\ccs\tools\compiler\ti-cgt-msp430_21.6.1.LTS\lib\</path>
         <kind>archive</kind>
         <file>rts430x_lc_rd_eabi.lib</file>
         <name>asr64.c.obj</name>
      </input_file>
      <input_file id="fl-b5">
         <path>C:\ti\ccs1110\ccs\tools\compiler\ti-cgt-msp430_21.6.1.LTS\lib\</path>
         <kind>archive</kind>
         <file>rts430x_lc_rd_eabi.lib</file>
         <name>lsl64.c.obj</name>
      </input_file>
      <input_file id="fl-b6">
         <path>C:\ti\ccs1110\ccs\tools\compiler\ti-cgt-msp430_21.6.1.LTS\lib\</path>
         <kind>archive</kind>
         <file>rts430x_lc_rd_eabi.lib</file>
         <name>div64u.c.obj</name>
      </input_file>
      <input_file id="fl-b7">
         <path>C:\ti\ccs1110\ccs\tools\compiler\ti-cgt-msp430_21.6.1.LTS\lib\</path>
         <kind>archive</kind>
         <file>rts430x_lc_rd_eabi.lib</file>
         <name>frcmpyd.c.obj</name>
      </input_file>
      <input_file id="fl-b8">
         <path>C:\ti\ccs1110\ccs\tools\compiler\ti-cgt-msp430_21.6.1.LTS\lib\</path>
         <kind>archive</kind>
         <file>rts430x_lc_rd_eabi.lib</file>
         <name>_ltoa.c.obj</name>
      </input_file>
      <input_file id="fl-b9">
         <path>C:\ti\ccs1110\ccs\tools\compiler\ti-cgt-msp430_21.6.1.LTS\lib\</path>
         <kind>archive</kind>
         <file>rts430x_lc_rd_eabi.lib</file>
         <name>atoi.c.obj</name>
      </input_file>
      <input_file id="fl-ba">
         <path>C:\ti\ccs1110\ccs\tools\compiler\ti-cgt-msp430_21.6.1.LTS\lib\</path>
         <kind>archive</kind>
         <file>rts430x_lc_rd_eabi.lib</file>
         <name>ctype.c.obj</name>
      </input_file>
      <input_file id="fl-bb">
         <path>C:\ti\ccs1110\ccs\tools\compiler\ti-cgt-msp430_21.6.1.LTS\lib\</path>
         <kind>archive</kind>
         <file>rts430x_lc_rd_eabi.lib</file>
         <name>memccpy.c.obj</name>
      </input_file>
      <input_file id="fl-bc">
         <path>C:\ti\ccs1110\ccs\tools\compiler\ti-cgt-msp430_21.6.1.LTS\lib\</path>
         <kind>archive</kind>
         <file>rts430x_lc_rd_eabi.lib</file>
         <name>strchr.c.obj</name>
      </input_file>
      <input_file id="fl-bd">
         <path>C:\ti\ccs1110\ccs\tools\compiler\ti-cgt-msp430_21.6.1.LTS\lib\</path>
         <kind>archive</kind>
         <file>rts430x_lc_rd_eabi.lib</file>
         <name>strlen.c.obj</name>
      </input_file>
      <input_file id="fl-be">
         <path>C:\ti\ccs1110\ccs\tools\compiler\ti-cgt-msp430_21.6.1.LTS\lib\</path>
         <kind>archive</kind>
         <file>rts430x_lc_rd_eabi.lib</file>
         <name>toupper.c.obj</name>
      </input_file>
      <input_file id="fl-bf">
         <path>C:\ti\ccs1110\ccs\tools\compiler\ti-cgt-msp430_21.6.1.LTS\lib\</path>
         <kind>archive</kind>
         <file>rts430x_lc_rd_eabi.lib</file>
         <name>abs.c.obj</name>
      </input_file>
      <input_file id="fl-c0">
         <path>C:\ti\ccs1110\ccs\tools\compiler\ti-cgt-msp430_21.6.1.LTS\lib\</path>
         <kind>archive</kind>
         <file>rts430x_lc_rd_eabi.lib</file>
         <name>errno.c.obj</name>
      </input_file>
      <input_file id="fl-c1">
         <path>C:\ti\ccs1110\ccs\tools\compiler\ti-cgt-msp430_21.6.1.LTS\lib\</path>
         <kind>archive</kind>
         <file>rts430x_lc_rd_eabi.lib</file>
         <name>mult3264.asm.obj</name>
      </input_file>
      <input_file id="fl-c2">
         <path>C:\ti\ccs1110\ccs\tools\compiler\ti-cgt-msp430_21.6.1.LTS\lib\</path>
         <kind>archive</kind>
         <file>rts430x_lc_rd_eabi.lib</file>
         <name>mult64.asm.obj</name>
      </input_file>
      <input_file id="fl-c3">
         <path>C:\ti\ccs1110\ccs\tools\compiler\ti-cgt-msp430_21.6.1.LTS\lib\</path>
         <kind>archive</kind>
         <file>rts430x_lc_rd_eabi.lib</file>
         <name>mult1632.asm.obj</name>
      </input_file>
   </input_file_list>
   <object_component_list>
      <object_component id="oc-403">
         <name>.common:mode</name>
         <uninitialized>true</uninitialized>
         <run_address>0x209c</run_address>
         <size>0x2</size>
      </object_component>
      <object_component id="oc-452">
         <name>.common:msgstatus</name>
         <uninitialized>true</uninitialized>
         <run_address>0x20a0</run_address>
         <size>0x2</size>
      </object_component>
      <object_component id="oc-62c">
         <name>.common:status</name>
         <uninitialized>true</uninitialized>
         <run_address>0x20cc</run_address>
         <size>0x2</size>
      </object_component>
      <object_component id="oc-439">
         <name>.common:ADCdone</name>
         <uninitialized>true</uninitialized>
         <run_address>0x20de</run_address>
         <size>0x1</size>
      </object_component>
      <object_component id="oc-5fd">
         <name>.common:ADCSamples</name>
         <uninitialized>true</uninitialized>
         <run_address>0x1da8</run_address>
         <size>0x20</size>
      </object_component>
      <object_component id="oc-622">
         <name>.common:ext_TC</name>
         <uninitialized>true</uninitialized>
         <run_address>0x2088</run_address>
         <size>0x2</size>
      </object_component>
      <object_component id="oc-626">
         <name>.common:TC4_temp</name>
         <uninitialized>true</uninitialized>
         <run_address>0x1f18</run_address>
         <size>0x4</size>
      </object_component>
      <object_component id="oc-624">
         <name>.common:TC5_temp</name>
         <uninitialized>true</uninitialized>
         <run_address>0x1f1c</run_address>
         <size>0x4</size>
      </object_component>
      <object_component id="oc-623">
         <name>.common:TC6_temp</name>
         <uninitialized>true</uninitialized>
         <run_address>0x1f20</run_address>
         <size>0x4</size>
      </object_component>
      <object_component id="oc-627">
         <name>.common:Exhaust_temp</name>
         <uninitialized>true</uninitialized>
         <run_address>0x1e4c</run_address>
         <size>0x4</size>
      </object_component>
      <object_component id="oc-625">
         <name>.common:Water_Tank_temp</name>
         <uninitialized>true</uninitialized>
         <run_address>0x1f30</run_address>
         <size>0x4</size>
      </object_component>
      <object_component id="oc-61e">
         <name>.common:FC_burner_temp</name>
         <uninitialized>true</uninitialized>
         <run_address>0x1e78</run_address>
         <size>0x4</size>
      </object_component>
      <object_component id="oc-638">
         <name>.common:FC_Burner_air</name>
         <uninitialized>true</uninitialized>
         <run_address>0x1e68</run_address>
         <size>0x4</size>
      </object_component>
      <object_component id="oc-888">
         <name>.common:afc</name>
         <uninitialized>true</uninitialized>
         <run_address>0x2072</run_address>
         <size>0x2</size>
      </object_component>
      <object_component id="oc-88a">
         <name>.common:secondary_afc</name>
         <uninitialized>true</uninitialized>
         <run_address>0x20b0</run_address>
         <size>0x2</size>
      </object_component>
      <object_component id="oc-887">
         <name>.common:airA</name>
         <uninitialized>true</uninitialized>
         <run_address>0x1f38</run_address>
         <size>0x4</size>
      </object_component>
      <object_component id="oc-889">
         <name>.common:airB</name>
         <uninitialized>true</uninitialized>
         <run_address>0x1f3c</run_address>
         <size>0x4</size>
      </object_component>
      <object_component id="oc-786">
         <name>.common:Cool_Down_Time</name>
         <uninitialized>true</uninitialized>
         <run_address>0x1ffe</run_address>
         <size>0x2</size>
      </object_component>
      <object_component id="oc-636">
         <name>.common:Cool_Down_TC1_temp</name>
         <uninitialized>true</uninitialized>
         <run_address>0x1e44</run_address>
         <size>0x4</size>
      </object_component>
      <object_component id="oc-787">
         <name>.common:Cool_Down_TC2_temp</name>
         <uninitialized>true</uninitialized>
         <run_address>0x1e48</run_address>
         <size>0x4</size>
      </object_component>
      <object_component id="oc-635">
         <name>.common:error_message</name>
         <uninitialized>true</uninitialized>
         <run_address>0x1c00</run_address>
         <size>0xc6</size>
      </object_component>
      <object_component id="oc-6ae">
         <name>.common:SwapCount</name>
         <uninitialized>true</uninitialized>
         <run_address>0x20fa</run_address>
         <size>0x1</size>
      </object_component>
      <object_component id="oc-87f">
         <name>.common:FCTKp</name>
         <uninitialized>true</uninitialized>
         <run_address>0x1e5c</run_address>
         <size>0x4</size>
      </object_component>
      <object_component id="oc-880">
         <name>.common:FCTerror</name>
         <uninitialized>true</uninitialized>
         <run_address>0x200c</run_address>
         <size>0x2</size>
      </object_component>
      <object_component id="oc-881">
         <name>.common:FCTintegral</name>
         <uninitialized>true</uninitialized>
         <run_address>0x200e</run_address>
         <size>0x2</size>
      </object_component>
      <object_component id="oc-883">
         <name>.common:FCTderivative</name>
         <uninitialized>true</uninitialized>
         <run_address>0x200a</run_address>
         <size>0x2</size>
      </object_component>
      <object_component id="oc-882">
         <name>.common:FCTprevious_error</name>
         <uninitialized>true</uninitialized>
         <run_address>0x2010</run_address>
         <size>0x2</size>
      </object_component>
      <object_component id="oc-7eb">
         <name>.common:hrs_runtime</name>
         <uninitialized>true</uninitialized>
         <run_address>0x208e</run_address>
         <size>0x2</size>
      </object_component>
      <object_component id="oc-5ad">
         <name>.common:CycleCount</name>
         <uninitialized>true</uninitialized>
         <run_address>0x2002</run_address>
         <size>0x2</size>
      </object_component>
      <object_component id="oc-841">
         <name>.common:v1</name>
         <uninitialized>true</uninitialized>
         <run_address>0x1fe0</run_address>
         <size>0x4</size>
      </object_component>
      <object_component id="oc-843">
         <name>.common:v2</name>
         <uninitialized>true</uninitialized>
         <run_address>0x20d6</run_address>
         <size>0x2</size>
      </object_component>
      <object_component id="oc-842">
         <name>.common:count_v2</name>
         <uninitialized>true</uninitialized>
         <run_address>0x207c</run_address>
         <size>0x2</size>
      </object_component>
      <object_component id="oc-846">
         <name>.common:v3</name>
         <uninitialized>true</uninitialized>
         <run_address>0x1fe4</run_address>
         <size>0x4</size>
      </object_component>
      <object_component id="oc-848">
         <name>.common:v4</name>
         <uninitialized>true</uninitialized>
         <run_address>0x20d8</run_address>
         <size>0x2</size>
      </object_component>
      <object_component id="oc-847">
         <name>.common:count_v4</name>
         <uninitialized>true</uninitialized>
         <run_address>0x207e</run_address>
         <size>0x2</size>
      </object_component>
      <object_component id="oc-845">
         <name>.common:fuel_gauge_decrement</name>
         <uninitialized>true</uninitialized>
         <run_address>0x2113</run_address>
         <size>0x1</size>
      </object_component>
      <object_component id="oc-6a1">
         <name>.common:fuel_remaining</name>
         <uninitialized>true</uninitialized>
         <run_address>0x1f6c</run_address>
         <size>0x4</size>
      </object_component>
      <object_component id="oc-6ab">
         <name>.common:percent_remaining</name>
         <uninitialized>true</uninitialized>
         <run_address>0x2118</run_address>
         <size>0x1</size>
      </object_component>
      <object_component id="oc-69f">
         <name>.common:runtime_remaining</name>
         <uninitialized>true</uninitialized>
         <run_address>0x1fa0</run_address>
         <size>0x4</size>
      </object_component>
      <object_component id="oc-84b">
         <name>.common:fuel_full</name>
         <uninitialized>true</uninitialized>
         <run_address>0x1f68</run_address>
         <size>0x4</size>
      </object_component>
      <object_component id="oc-785">
         <name>.common:Snorkel_Cartridge</name>
         <uninitialized>true</uninitialized>
         <run_address>0x20f7</run_address>
         <size>0x1</size>
      </object_component>
      <object_component id="oc-7a9">
         <name>.common:cartridge_adapter</name>
         <uninitialized>true</uninitialized>
         <run_address>0x210b</run_address>
         <size>0x1</size>
      </object_component>
      <object_component id="oc-587">
         <name>.common:XRT_Splitter</name>
         <uninitialized>true</uninitialized>
         <run_address>0x2106</run_address>
         <size>0x1</size>
      </object_component>
      <object_component id="oc-447">
         <name>.common:TxB0Data</name>
         <uninitialized>true</uninitialized>
         <run_address>0x1cc6</run_address>
         <size>0x46</size>
      </object_component>
      <object_component id="oc-3f7">
         <name>.common:TxB1Data</name>
         <uninitialized>true</uninitialized>
         <run_address>0x1dc8</run_address>
         <size>0x1c</size>
      </object_component>
      <object_component id="oc-49f">
         <name>.common:TxB2Data</name>
         <uninitialized>true</uninitialized>
         <run_address>0x2062</run_address>
         <size>0x2</size>
      </object_component>
      <object_component id="oc-441">
         <name>.common:TXByteCtrB0</name>
         <uninitialized>true</uninitialized>
         <run_address>0x20fd</run_address>
         <size>0x1</size>
      </object_component>
      <object_component id="oc-3ef">
         <name>.common:TXByteCtrB1</name>
         <uninitialized>true</uninitialized>
         <run_address>0x20fe</run_address>
         <size>0x1</size>
      </object_component>
      <object_component id="oc-43b">
         <name>.common:TXByteCtrB2</name>
         <uninitialized>true</uninitialized>
         <run_address>0x20ff</run_address>
         <size>0x1</size>
      </object_component>
      <object_component id="oc-446">
         <name>.common:PRxB0Data</name>
         <uninitialized>true</uninitialized>
         <run_address>0x1ed0</run_address>
         <size>0x4</size>
      </object_component>
      <object_component id="oc-3f5">
         <name>.common:PRxB1Data</name>
         <uninitialized>true</uninitialized>
         <run_address>0x1ed4</run_address>
         <size>0x4</size>
      </object_component>
      <object_component id="oc-43c">
         <name>.common:PRxB2Data</name>
         <uninitialized>true</uninitialized>
         <run_address>0x1ed8</run_address>
         <size>0x4</size>
      </object_component>
      <object_component id="oc-445">
         <name>.common:RXByte</name>
         <uninitialized>true</uninitialized>
         <run_address>0x20ef</run_address>
         <size>0x1</size>
      </object_component>
      <object_component id="oc-443">
         <name>.common:RXByteCtrB0</name>
         <uninitialized>true</uninitialized>
         <run_address>0x20f0</run_address>
         <size>0x1</size>
      </object_component>
      <object_component id="oc-3f6">
         <name>.common:RXByteCtrB1</name>
         <uninitialized>true</uninitialized>
         <run_address>0x20f1</run_address>
         <size>0x1</size>
      </object_component>
      <object_component id="oc-43d">
         <name>.common:RXByteCtrB2</name>
         <uninitialized>true</uninitialized>
         <run_address>0x20f2</run_address>
         <size>0x1</size>
      </object_component>
      <object_component id="oc-442">
         <name>.common:CommandByte</name>
         <uninitialized>true</uninitialized>
         <run_address>0x20e4</run_address>
         <size>0x1</size>
      </object_component>
      <object_component id="oc-5ae">
         <name>.common:commoTime</name>
         <uninitialized>true</uninitialized>
         <run_address>0x210f</run_address>
         <size>0x1</size>
      </object_component>
      <object_component id="oc-5af">
         <name>.common:commoTime2</name>
         <uninitialized>true</uninitialized>
         <run_address>0x2110</run_address>
         <size>0x1</size>
      </object_component>
      <object_component id="oc-5b0">
         <name>.common:commoTime3</name>
         <uninitialized>true</uninitialized>
         <run_address>0x2111</run_address>
         <size>0x1</size>
      </object_component>
      <object_component id="oc-5b1">
         <name>.common:Backlight_is_on_Time</name>
         <uninitialized>true</uninitialized>
         <run_address>0x20e1</run_address>
         <size>0x1</size>
      </object_component>
      <object_component id="oc-5b2">
         <name>.common:LCD_Options_Timeout_Timer</name>
         <uninitialized>true</uninitialized>
         <run_address>0x20e9</run_address>
         <size>0x1</size>
      </object_component>
      <object_component id="oc-559">
         <name>.common:System_TurnOn</name>
         <uninitialized>true</uninitialized>
         <run_address>0x20fb</run_address>
         <size>0x1</size>
      </object_component>
      <object_component id="oc-575">
         <name>.common:SerialNumber</name>
         <uninitialized>true</uninitialized>
         <run_address>0x204a</run_address>
         <size>0x2</size>
      </object_component>
      <object_component id="oc-764">
         <name>.common:page</name>
         <uninitialized>true</uninitialized>
         <run_address>0x2117</run_address>
         <size>0x1</size>
      </object_component>
      <object_component id="oc-765">
         <name>.common:x</name>
         <uninitialized>true</uninitialized>
         <run_address>0x211d</run_address>
         <size>0x1</size>
      </object_component>
      <object_component id="oc-92c">
         <name>.common:char_col</name>
         <uninitialized>true</uninitialized>
         <run_address>0x210c</run_address>
         <size>0x1</size>
      </object_component>
      <object_component id="oc-92d">
         <name>.common:charpos</name>
         <uninitialized>true</uninitialized>
         <run_address>0x210e</run_address>
         <size>0x1</size>
      </object_component>
      <object_component id="oc-931">
         <name>.common:chardata</name>
         <uninitialized>true</uninitialized>
         <run_address>0x210d</run_address>
         <size>0x1</size>
      </object_component>
      <object_component id="oc-7a2">
         <name>.common:tmpstr</name>
         <uninitialized>true</uninitialized>
         <run_address>0x1d84</run_address>
         <size>0x24</size>
      </object_component>
      <object_component id="oc-5be">
         <name>.common:LCDline</name>
         <uninitialized>true</uninitialized>
         <run_address>0x20eb</run_address>
         <size>0x1</size>
      </object_component>
      <object_component id="oc-5bf">
         <name>.common:LCDfirsthalf</name>
         <uninitialized>true</uninitialized>
         <run_address>0x20ea</run_address>
         <size>0x1</size>
      </object_component>
      <object_component id="oc-4f7">
         <name>.common:DesVolt</name>
         <uninitialized>true</uninitialized>
         <run_address>0x2006</run_address>
         <size>0x2</size>
      </object_component>
      <object_component id="oc-57f">
         <name>.common:load</name>
         <uninitialized>true</uninitialized>
         <run_address>0x2116</run_address>
         <size>0x1</size>
      </object_component>
      <object_component id="oc-4e6">
         <name>.common:System_V</name>
         <uninitialized>true</uninitialized>
         <run_address>0x1f00</run_address>
         <size>0x4</size>
      </object_component>
      <object_component id="oc-437">
         <name>.common:Atime</name>
         <uninitialized>true</uninitialized>
         <run_address>0x20df</run_address>
         <size>0x1</size>
      </object_component>
      <object_component id="oc-451">
         <name>.common:nmsg</name>
         <uninitialized>true</uninitialized>
         <run_address>0x20a2</run_address>
         <size>0x2</size>
      </object_component>
      <object_component id="oc-44f">
         <name>.common:pmsg</name>
         <uninitialized>true</uninitialized>
         <run_address>0x20a8</run_address>
         <size>0x2</size>
      </object_component>
      <object_component id="oc-450">
         <name>.common:TXmsg</name>
         <uninitialized>true</uninitialized>
         <run_address>0x205a</run_address>
         <size>0x2</size>
      </object_component>
      <object_component id="oc-3fc">
         <name>.common:RXmsg</name>
         <uninitialized>true</uninitialized>
         <run_address>0x2048</run_address>
         <size>0x2</size>
      </object_component>
      <object_component id="oc-444">
         <name>.common:cnt</name>
         <uninitialized>true</uninitialized>
         <run_address>0x207a</run_address>
         <size>0x2</size>
      </object_component>
      <object_component id="oc-45b">
         <name>.common:lngth</name>
         <uninitialized>true</uninitialized>
         <run_address>0x2094</run_address>
         <size>0x2</size>
      </object_component>
      <object_component id="oc-462">
         <name>.common:upgrade</name>
         <uninitialized>true</uninitialized>
         <run_address>0x211c</run_address>
         <size>0x1</size>
      </object_component>
      <object_component id="oc-5c7">
         <name>.common:USB_Status</name>
         <uninitialized>true</uninitialized>
         <run_address>0x2103</run_address>
         <size>0x1</size>
      </object_component>
      <object_component id="oc-454">
         <name>.common:UGcnt</name>
         <uninitialized>true</uninitialized>
         <run_address>0x2064</run_address>
         <size>0x2</size>
      </object_component>
      <object_component id="oc-453">
         <name>.common:UGptr</name>
         <uninitialized>true</uninitialized>
         <run_address>0x2066</run_address>
         <size>0x2</size>
      </object_component>
      <object_component id="oc-7c5">
         <name>.common:Vers_nu</name>
         <uninitialized>true</uninitialized>
         <run_address>0x2068</run_address>
         <size>0x2</size>
      </object_component>
      <object_component id="oc-84c">
         <name>.common:CartData</name>
         <uninitialized>true</uninitialized>
         <run_address>0x1ff8</run_address>
         <size>0x2</size>
      </object_component>
      <object_component id="oc-84a">
         <name>.common:modelno</name>
         <uninitialized>true</uninitialized>
         <run_address>0x209e</run_address>
         <size>0x2</size>
      </object_component>
      <object_component id="oc-844">
         <name>.common:datarev</name>
         <uninitialized>true</uninitialized>
         <run_address>0x2084</run_address>
         <size>0x2</size>
      </object_component>
      <object_component id="oc-629">
         <name>.common:Tset</name>
         <uninitialized>true</uninitialized>
         <run_address>0x2060</run_address>
         <size>0x2</size>
      </object_component>
      <object_component id="oc-62d">
         <name>.common:main_fuel_flow</name>
         <uninitialized>true</uninitialized>
         <run_address>0x2096</run_address>
         <size>0x2</size>
      </object_component>
      <object_component id="oc-593">
         <name>.common:shutdown_power_level</name>
         <uninitialized>true</uninitialized>
         <run_address>0x20b6</run_address>
         <size>0x2</size>
      </object_component>
      <object_component id="oc-594">
         <name>.common:Soft_Off</name>
         <uninitialized>true</uninitialized>
         <run_address>0x204c</run_address>
         <size>0x2</size>
      </object_component>
      <object_component id="oc-596">
         <name>.common:Auto_restart_V</name>
         <uninitialized>true</uninitialized>
         <run_address>0x1ff0</run_address>
         <size>0x2</size>
      </object_component>
      <object_component id="oc-595">
         <name>.common:shutdown_time</name>
         <uninitialized>true</uninitialized>
         <run_address>0x20b8</run_address>
         <size>0x2</size>
      </object_component>
      <object_component id="oc-588">
         <name>.common:Altitude</name>
         <uninitialized>true</uninitialized>
         <run_address>0x1fea</run_address>
         <size>0x2</size>
      </object_component>
      <object_component id="oc-580">
         <name>.common:New_Options</name>
         <uninitialized>true</uninitialized>
         <run_address>0x2034</run_address>
         <size>0x2</size>
      </object_component>
      <object_component id="oc-3ff">
         <name>.common:spiTXmsg</name>
         <uninitialized>true</uninitialized>
         <run_address>0x20ca</run_address>
         <size>0x2</size>
      </object_component>
      <object_component id="oc-3fe">
         <name>.common:Pmsg</name>
         <uninitialized>true</uninitialized>
         <run_address>0x2042</run_address>
         <size>0x2</size>
      </object_component>
      <object_component id="oc-400">
         <name>.common:Nmsg</name>
         <uninitialized>true</uninitialized>
         <run_address>0x2036</run_address>
         <size>0x2</size>
      </object_component>
      <object_component id="oc-4fe">
         <name>.common:cartread</name>
         <uninitialized>true</uninitialized>
         <run_address>0x210a</run_address>
         <size>0x1</size>
      </object_component>
      <object_component id="oc-438">
         <name>.common:Stime</name>
         <uninitialized>true</uninitialized>
         <run_address>0x2052</run_address>
         <size>0x2</size>
      </object_component>
      <object_component id="oc-402">
         <name>.common:wait3sec</name>
         <uninitialized>true</uninitialized>
         <run_address>0x20da</run_address>
         <size>0x2</size>
      </object_component>
      <object_component id="oc-436">
         <name>.common:aa</name>
         <uninitialized>true</uninitialized>
         <run_address>0x2107</run_address>
         <size>0x1</size>
      </object_component>
      <object_component id="oc-685">
         <name>.common:TC1_int</name>
         <uninitialized>true</uninitialized>
         <run_address>0x2054</run_address>
         <size>0x2</size>
      </object_component>
      <object_component id="oc-684">
         <name>.common:TC2_int</name>
         <uninitialized>true</uninitialized>
         <run_address>0x2056</run_address>
         <size>0x2</size>
      </object_component>
      <object_component id="oc-686">
         <name>.common:Out_mV</name>
         <uninitialized>true</uninitialized>
         <run_address>0x203e</run_address>
         <size>0x2</size>
      </object_component>
      <object_component id="oc-69a">
         <name>.common:FC_mV</name>
         <uninitialized>true</uninitialized>
         <run_address>0x201a</run_address>
         <size>0x2</size>
      </object_component>
      <object_component id="oc-699">
         <name>.common:FC_A</name>
         <uninitialized>true</uninitialized>
         <run_address>0x2012</run_address>
         <size>0x2</size>
      </object_component>
      <object_component id="oc-6b0">
         <name>.common:Out_AA</name>
         <uninitialized>true</uninitialized>
         <run_address>0x203a</run_address>
         <size>0x2</size>
      </object_component>
      <object_component id="oc-3f8">
         <name>.common:Out_A</name>
         <uninitialized>true</uninitialized>
         <run_address>0x2038</run_address>
         <size>0x2</size>
      </object_component>
      <object_component id="oc-78f">
         <name>.common:AtRate</name>
         <uninitialized>true</uninitialized>
         <run_address>0x1fee</run_address>
         <size>0x2</size>
      </object_component>
      <object_component id="oc-6a4">
         <name>.common:FuelPerCent</name>
         <uninitialized>true</uninitialized>
         <run_address>0x2022</run_address>
         <size>0x2</size>
      </object_component>
      <object_component id="oc-3fb">
         <name>.common:AmbTemp</name>
         <uninitialized>true</uninitialized>
         <run_address>0x1fec</run_address>
         <size>0x2</size>
      </object_component>
      <object_component id="oc-6a2">
         <name>.common:TimeToEmpty</name>
         <uninitialized>true</uninitialized>
         <run_address>0x205c</run_address>
         <size>0x2</size>
      </object_component>
      <object_component id="oc-6a0">
         <name>.common:TimeToEmptyA</name>
         <uninitialized>true</uninitialized>
         <run_address>0x205e</run_address>
         <size>0x2</size>
      </object_component>
      <object_component id="oc-5bc">
         <name>.common:TCgranular</name>
         <uninitialized>true</uninitialized>
         <run_address>0x2058</run_address>
         <size>0x2</size>
      </object_component>
      <object_component id="oc-69b">
         <name>.common:DesMaxPwr</name>
         <uninitialized>true</uninitialized>
         <run_address>0x2004</run_address>
         <size>0x2</size>
      </object_component>
      <object_component id="oc-56c">
         <name>.common:Serial_Number</name>
         <uninitialized>true</uninitialized>
         <run_address>0x1de4</run_address>
         <size>0x18</size>
      </object_component>
      <object_component id="oc-88c">
         <name>.common:PUMP1_cal</name>
         <uninitialized>true</uninitialized>
         <run_address>0x1edc</run_address>
         <size>0x4</size>
      </object_component>
      <object_component id="oc-88e">
         <name>.common:PUMP2_cal</name>
         <uninitialized>true</uninitialized>
         <run_address>0x1ee0</run_address>
         <size>0x4</size>
      </object_component>
      <object_component id="oc-890">
         <name>.common:PUMP3_cal</name>
         <uninitialized>true</uninitialized>
         <run_address>0x1ee4</run_address>
         <size>0x4</size>
      </object_component>
      <object_component id="oc-892">
         <name>.common:PUMP4_cal</name>
         <uninitialized>true</uninitialized>
         <run_address>0x1ee8</run_address>
         <size>0x4</size>
      </object_component>
      <object_component id="oc-5d1">
         <name>.common:Vtmp</name>
         <uninitialized>true</uninitialized>
         <run_address>0x1f2c</run_address>
         <size>0x4</size>
      </object_component>
      <object_component id="oc-5bd">
         <name>.common:TSOF</name>
         <uninitialized>true</uninitialized>
         <run_address>0x20fc</run_address>
         <size>0x1</size>
      </object_component>
      <object_component id="oc-7de">
         <name>.common:Auto_restart_V_digit1</name>
         <uninitialized>true</uninitialized>
         <run_address>0x1e0c</run_address>
         <size>0x4</size>
      </object_component>
      <object_component id="oc-7df">
         <name>.common:Auto_restart_V_digit2</name>
         <uninitialized>true</uninitialized>
         <run_address>0x1e10</run_address>
         <size>0x4</size>
      </object_component>
      <object_component id="oc-7e0">
         <name>.common:Auto_restart_V_digit3</name>
         <uninitialized>true</uninitialized>
         <run_address>0x1e14</run_address>
         <size>0x4</size>
      </object_component>
      <object_component id="oc-7d6">
         <name>.common:Auto_sleep_V_digit1</name>
         <uninitialized>true</uninitialized>
         <run_address>0x1e28</run_address>
         <size>0x4</size>
      </object_component>
      <object_component id="oc-7d7">
         <name>.common:Auto_sleep_V_digit2</name>
         <uninitialized>true</uninitialized>
         <run_address>0x1e2c</run_address>
         <size>0x4</size>
      </object_component>
      <object_component id="oc-7d8">
         <name>.common:Auto_sleep_V_digit3</name>
         <uninitialized>true</uninitialized>
         <run_address>0x1e30</run_address>
         <size>0x4</size>
      </object_component>
      <object_component id="oc-7dc">
         <name>.common:shutdown_power_level_digit1</name>
         <uninitialized>true</uninitialized>
         <run_address>0x1fa8</run_address>
         <size>0x4</size>
      </object_component>
      <object_component id="oc-7dd">
         <name>.common:shutdown_power_level_digit2</name>
         <uninitialized>true</uninitialized>
         <run_address>0x1fac</run_address>
         <size>0x4</size>
      </object_component>
      <object_component id="oc-895">
         <name>.common:shutdown_power_level_digit3</name>
         <uninitialized>true</uninitialized>
         <run_address>0x1fb0</run_address>
         <size>0x4</size>
      </object_component>
      <object_component id="oc-7d3">
         <name>.common:Net_Power_Limit_Max_Option</name>
         <uninitialized>true</uninitialized>
         <run_address>0x2032</run_address>
         <size>0x2</size>
      </object_component>
      <object_component id="oc-7d2">
         <name>.common:Cartridge_Enable_Option</name>
         <uninitialized>true</uninitialized>
         <run_address>0x1ffa</run_address>
         <size>0x2</size>
      </object_component>
      <object_component id="oc-5a0">
         <name>.common:Cartridge_Enable</name>
         <uninitialized>true</uninitialized>
         <run_address>0x20e3</run_address>
         <size>0x1</size>
      </object_component>
      <object_component id="oc-7e1">
         <name>.common:Auto_Restart_Option</name>
         <uninitialized>true</uninitialized>
         <run_address>0x20e0</run_address>
         <size>0x1</size>
      </object_component>
      <object_component id="oc-7d5">
         <name>.common:Save_Settings_Option</name>
         <uninitialized>true</uninitialized>
         <run_address>0x20f6</run_address>
         <size>0x1</size>
      </object_component>
      <object_component id="oc-59f">
         <name>.common:Warming_Mode</name>
         <uninitialized>true</uninitialized>
         <run_address>0x2104</run_address>
         <size>0x1</size>
      </object_component>
      <object_component id="oc-7d4">
         <name>.common:Warming_Mode_Option</name>
         <uninitialized>true</uninitialized>
         <run_address>0x2105</run_address>
         <size>0x1</size>
      </object_component>
      <object_component id="oc-6ad">
         <name>.common:Phone_Mode</name>
         <uninitialized>true</uninitialized>
         <run_address>0x20ee</run_address>
         <size>0x1</size>
      </object_component>
      <object_component id="oc-581">
         <name>.common:Startup_Stage_Page</name>
         <uninitialized>true</uninitialized>
         <run_address>0x20f9</run_address>
         <size>0x1</size>
      </object_component>
      <object_component id="oc-89f">
         <name>.common:Auto_restart_V_temp</name>
         <uninitialized>true</uninitialized>
         <run_address>0x1e18</run_address>
         <size>0x4</size>
      </object_component>
      <object_component id="oc-89c">
         <name>.common:Auto_sleep_V_temp</name>
         <uninitialized>true</uninitialized>
         <run_address>0x1e34</run_address>
         <size>0x4</size>
      </object_component>
      <object_component id="oc-89e">
         <name>.common:shutdown_power_level_temp</name>
         <uninitialized>true</uninitialized>
         <run_address>0x1fb4</run_address>
         <size>0x4</size>
      </object_component>
      <object_component id="oc-89d">
         <name>.common:shutdown_time_temp</name>
         <uninitialized>true</uninitialized>
         <run_address>0x1fb8</run_address>
         <size>0x4</size>
      </object_component>
      <object_component id="oc-5b8">
         <name>.common:shutdown_time_hundred_minutes</name>
         <uninitialized>true</uninitialized>
         <run_address>0x20be</run_address>
         <size>0x2</size>
      </object_component>
      <object_component id="oc-5b9">
         <name>.common:shutdown_time_ten_minutes</name>
         <uninitialized>true</uninitialized>
         <run_address>0x20c6</run_address>
         <size>0x2</size>
      </object_component>
      <object_component id="oc-5ba">
         <name>.common:shutdown_time_one_minutes</name>
         <uninitialized>true</uninitialized>
         <run_address>0x20c2</run_address>
         <size>0x2</size>
      </object_component>
      <object_component id="oc-7d9">
         <name>.common:shutdown_time_hundred_minutes_temp</name>
         <uninitialized>true</uninitialized>
         <run_address>0x20c0</run_address>
         <size>0x2</size>
      </object_component>
      <object_component id="oc-7da">
         <name>.common:shutdown_time_ten_minutes_temp</name>
         <uninitialized>true</uninitialized>
         <run_address>0x20c8</run_address>
         <size>0x2</size>
      </object_component>
      <object_component id="oc-7db">
         <name>.common:shutdown_time_one_minutes_temp</name>
         <uninitialized>true</uninitialized>
         <run_address>0x20c4</run_address>
         <size>0x2</size>
      </object_component>
      <object_component id="oc-5d0">
         <name>.common:Rdata0</name>
         <uninitialized>true</uninitialized>
         <run_address>0x20f3</run_address>
         <size>0x1</size>
      </object_component>
      <object_component id="oc-5d9">
         <name>.common:Rdata0_min</name>
         <uninitialized>true</uninitialized>
         <run_address>0x20f5</run_address>
         <size>0x1</size>
      </object_component>
      <object_component id="oc-5cf">
         <name>.common:Rdata0_max</name>
         <uninitialized>true</uninitialized>
         <run_address>0x20f4</run_address>
         <size>0x1</size>
      </object_component>
      <object_component id="oc-6ec">
         <name>.common:CLtemp_Ceiling</name>
         <uninitialized>true</uninitialized>
         <run_address>0x1e3c</run_address>
         <size>0x4</size>
      </object_component>
      <object_component id="oc-8b8">
         <name>.common:Power_Ceiling</name>
         <uninitialized>true</uninitialized>
         <run_address>0x1eec</run_address>
         <size>0x4</size>
      </object_component>
      <object_component id="oc-59e">
         <name>.common:Net_Power_Limit_Max</name>
         <uninitialized>true</uninitialized>
         <run_address>0x1eb4</run_address>
         <size>0x4</size>
      </object_component>
      <object_component id="oc-870">
         <name>.common:rewarm</name>
         <uninitialized>true</uninitialized>
         <run_address>0x20aa</run_address>
         <size>0x2</size>
      </object_component>
      <object_component id="oc-869">
         <name>.common:sumxx</name>
         <uninitialized>true</uninitialized>
         <run_address>0x1fc4</run_address>
         <size>0x4</size>
      </object_component>
      <object_component id="oc-866">
         <name>.common:sumxy</name>
         <uninitialized>true</uninitialized>
         <run_address>0x1fc8</run_address>
         <size>0x4</size>
      </object_component>
      <object_component id="oc-867">
         <name>.common:sumxyFC</name>
         <uninitialized>true</uninitialized>
         <run_address>0x1fcc</run_address>
         <size>0x4</size>
      </object_component>
      <object_component id="oc-868">
         <name>.common:sumxyFCB</name>
         <uninitialized>true</uninitialized>
         <run_address>0x1fd0</run_address>
         <size>0x4</size>
      </object_component>
      <object_component id="oc-862">
         <name>.common:sumx</name>
         <uninitialized>true</uninitialized>
         <run_address>0x1fc0</run_address>
         <size>0x4</size>
      </object_component>
      <object_component id="oc-85a">
         <name>.common:yFPTM</name>
         <uninitialized>true</uninitialized>
         <run_address>0x1d5c</run_address>
         <size>0x28</size>
      </object_component>
      <object_component id="oc-85b">
         <name>.common:yFCTM</name>
         <uninitialized>true</uninitialized>
         <run_address>0x1d34</run_address>
         <size>0x28</size>
      </object_component>
      <object_component id="oc-85c">
         <name>.common:yFCBTM</name>
         <uninitialized>true</uninitialized>
         <run_address>0x1d0c</run_address>
         <size>0x28</size>
      </object_component>
      <object_component id="oc-863">
         <name>.common:sumy</name>
         <uninitialized>true</uninitialized>
         <run_address>0x1fd4</run_address>
         <size>0x4</size>
      </object_component>
      <object_component id="oc-864">
         <name>.common:sumyFC</name>
         <uninitialized>true</uninitialized>
         <run_address>0x1fd8</run_address>
         <size>0x4</size>
      </object_component>
      <object_component id="oc-865">
         <name>.common:sumyFCB</name>
         <uninitialized>true</uninitialized>
         <run_address>0x1fdc</run_address>
         <size>0x4</size>
      </object_component>
      <object_component id="oc-86a">
         <name>.common:Sxx</name>
         <uninitialized>true</uninitialized>
         <run_address>0x1ef4</run_address>
         <size>0x4</size>
      </object_component>
      <object_component id="oc-86d">
         <name>.common:Syy</name>
         <uninitialized>true</uninitialized>
         <run_address>0x1f04</run_address>
         <size>0x4</size>
      </object_component>
      <object_component id="oc-86b">
         <name>.common:SxxFC</name>
         <uninitialized>true</uninitialized>
         <run_address>0x1ef8</run_address>
         <size>0x4</size>
      </object_component>
      <object_component id="oc-86c">
         <name>.common:SxxFCB</name>
         <uninitialized>true</uninitialized>
         <run_address>0x1efc</run_address>
         <size>0x4</size>
      </object_component>
      <object_component id="oc-7fc">
         <name>.common:b</name>
         <uninitialized>true</uninitialized>
         <run_address>0x1f4c</run_address>
         <size>0x4</size>
      </object_component>
      <object_component id="oc-86e">
         <name>.common:bFC</name>
         <uninitialized>true</uninitialized>
         <run_address>0x1f50</run_address>
         <size>0x4</size>
      </object_component>
      <object_component id="oc-86f">
         <name>.common:bFCB</name>
         <uninitialized>true</uninitialized>
         <run_address>0x1f54</run_address>
         <size>0x4</size>
      </object_component>
      <object_component id="oc-85d">
         <name>.common:result</name>
         <uninitialized>true</uninitialized>
         <run_address>0x211b</run_address>
         <size>0x1</size>
      </object_component>
      <object_component id="oc-858">
         <name>.common:L</name>
         <uninitialized>true</uninitialized>
         <run_address>0x202c</run_address>
         <size>0x2</size>
      </object_component>
      <object_component id="oc-85e">
         <name>.common:J</name>
         <uninitialized>true</uninitialized>
         <run_address>0x2028</run_address>
         <size>0x2</size>
      </object_component>
      <object_component id="oc-859">
         <name>.common:K</name>
         <uninitialized>true</uninitialized>
         <run_address>0x202a</run_address>
         <size>0x2</size>
      </object_component>
      <object_component id="oc-875">
         <name>.common:Heater_Failure</name>
         <uninitialized>true</uninitialized>
         <run_address>0x2026</run_address>
         <size>0x2</size>
      </object_component>
      <object_component id="oc-876">
         <name>.common:CS_Failure</name>
         <uninitialized>true</uninitialized>
         <run_address>0x1ff6</run_address>
         <size>0x2</size>
      </object_component>
      <object_component id="oc-873">
         <name>.common:FC_Heatup_Failure</name>
         <uninitialized>true</uninitialized>
         <run_address>0x2018</run_address>
         <size>0x2</size>
      </object_component>
      <object_component id="oc-874">
         <name>.common:FP_Heatup_Failure</name>
         <uninitialized>true</uninitialized>
         <run_address>0x2020</run_address>
         <size>0x2</size>
      </object_component>
      <object_component id="oc-871">
         <name>.common:Burner_Failure</name>
         <uninitialized>true</uninitialized>
         <run_address>0x1ff4</run_address>
         <size>0x2</size>
      </object_component>
      <object_component id="oc-872">
         <name>.common:Warming_Failure</name>
         <uninitialized>true</uninitialized>
         <run_address>0x206a</run_address>
         <size>0x2</size>
      </object_component>
      <object_component id="oc-877">
         <name>.common:Fuel_Reversed</name>
         <uninitialized>true</uninitialized>
         <run_address>0x2024</run_address>
         <size>0x2</size>
      </object_component>
      <object_component id="oc-57b">
         <name>.common:StartTime</name>
         <uninitialized>true</uninitialized>
         <run_address>0x204e</run_address>
         <size>0x2</size>
      </object_component>
      <object_component id="oc-654">
         <name>.common:lcd</name>
         <uninitialized>true</uninitialized>
         <run_address>0x2092</run_address>
         <size>0x2</size>
      </object_component>
      <object_component id="oc-615">
         <name>.common:TC2_temp</name>
         <uninitialized>true</uninitialized>
         <run_address>0x1f10</run_address>
         <size>0x4</size>
      </object_component>
      <object_component id="oc-608">
         <name>.common:TC1_temp</name>
         <uninitialized>true</uninitialized>
         <run_address>0x1f0c</run_address>
         <size>0x4</size>
      </object_component>
      <object_component id="oc-61d">
         <name>.common:TC3_temp</name>
         <uninitialized>true</uninitialized>
         <run_address>0x1f14</run_address>
         <size>0x4</size>
      </object_component>
      <object_component id="oc-605">
         <name>.common:FC_Current</name>
         <uninitialized>true</uninitialized>
         <run_address>0x1e6c</run_address>
[...]
         <value>0x242a8</value>
         <object_component_ref idref="oc-5ca"/>
      </symbol>
      <symbol id="sm-1069">
         <name>__mspabi_divf</name>
         <value>0x238e0</value>
         <object_component_ref idref="oc-58e"/>
      </symbol>
      <symbol id="sm-1076">
         <name>__mspabi_fltif</name>
         <value>0x24630</value>
         <object_component_ref idref="oc-670"/>
      </symbol>
      <symbol id="sm-108d">
         <name>__mspabi_mpyf</name>
         <value>0x23278</value>
         <object_component_ref idref="oc-4ed"/>
      </symbol>
      <symbol id="sm-1096">
         <name>__mspabi_negf</name>
         <value>0x2496e</value>
         <object_component_ref idref="oc-687"/>
      </symbol>
      <symbol id="sm-10a8">
         <name>__mspabi_fixfi</name>
         <value>0x23ec2</value>
         <object_component_ref idref="oc-4f2"/>
      </symbol>
      <symbol id="sm-10b7">
         <name>__mspabi_fixfu</name>
         <value>0x2433a</value>
         <object_component_ref idref="oc-6a5"/>
      </symbol>
      <symbol id="sm-10c2">
         <name>__mspabi_fltuf</name>
         <value>0x247e2</value>
         <object_component_ref idref="oc-589"/>
      </symbol>
      <symbol id="sm-10c5">
         <name>__TI_int41</name>
         <value>0xffd2</value>
         <object_component_ref idref="oc-79"/>
      </symbol>
      <symbol id="sm-10c8">
         <name>__TI_int42</name>
         <value>0xffd4</value>
         <object_component_ref idref="oc-7a"/>
      </symbol>
      <symbol id="sm-10cb">
         <name>__TI_int43</name>
         <value>0xffd6</value>
         <object_component_ref idref="oc-7b"/>
      </symbol>
      <symbol id="sm-10ce">
         <name>__TI_int44</name>
         <value>0xffd8</value>
         <object_component_ref idref="oc-7c"/>
      </symbol>
      <symbol id="sm-10d1">
         <name>__TI_int50</name>
         <value>0xffe4</value>
         <object_component_ref idref="oc-82"/>
      </symbol>
      <symbol id="sm-10d4">
         <name>__TI_int52</name>
         <value>0xffe8</value>
         <object_component_ref idref="oc-84"/>
      </symbol>
      <symbol id="sm-10d7">
         <name>__TI_int55</name>
         <value>0xffee</value>
         <object_component_ref idref="oc-87"/>
      </symbol>
      <symbol id="sm-10da">
         <name>__TI_int58</name>
         <value>0xfff4</value>
         <object_component_ref idref="oc-8a"/>
      </symbol>
      <symbol id="sm-10dd">
         <name>__TI_int59</name>
         <value>0xfff6</value>
         <object_component_ref idref="oc-8b"/>
      </symbol>
      <symbol id="sm-10e0">
         <name>__TI_int60</name>
         <value>0xfff8</value>
         <object_component_ref idref="oc-8c"/>
      </symbol>
      <symbol id="sm-10e3">
         <name>__TI_int61</name>
         <value>0xfffa</value>
         <object_component_ref idref="oc-8d"/>
      </symbol>
      <symbol id="sm-10e6">
         <name>__TI_int62</name>
         <value>0xfffc</value>
         <object_component_ref idref="oc-8e"/>
      </symbol>
      <symbol id="sm-10ee">
         <name>__TI_ISR_TRAP</name>
         <value>0x6192</value>
         <object_component_ref idref="oc-345"/>
      </symbol>
      <symbol id="sm-10f8">
         <name>__mspabi_mpyi_f5hw</name>
         <value>0x24882</value>
         <object_component_ref idref="oc-570"/>
      </symbol>
      <symbol id="sm-1102">
         <name>__mspabi_mpyl_f5hw</name>
         <value>0x24806</value>
         <object_component_ref idref="oc-8ac"/>
      </symbol>
      <symbol id="sm-110a">
         <name>__mspabi_mpyull_f5hw</name>
         <value>0x246f4</value>
         <object_component_ref idref="oc-8ec"/>
      </symbol>
      <symbol id="sm-1112">
         <name>__mspabi_mpyll_f5hw</name>
         <value>0x240ba</value>
         <object_component_ref idref="oc-8e7"/>
      </symbol>
      <symbol id="sm-1122">
         <name>_stack</name>
         <value>0x5b60</value>
         <object_component_ref idref="oc-329"/>
      </symbol>
      <symbol id="sm-1123">
         <name>_c_int00_noargs</name>
         <value>0x616c</value>
         <object_component_ref idref="oc-398"/>
      </symbol>
      <symbol id="sm-1124">
         <name>_reset_vector</name>
         <value>0xfffe</value>
         <object_component_ref idref="oc-32c"/>
      </symbol>
      <symbol id="sm-1147">
         <name>__TI_auto_init_nobinit_nopinit_hold_wdt</name>
         <value>0x2416e</value>
         <object_component_ref idref="oc-530"/>
      </symbol>
      <symbol id="sm-115a">
         <name>__TI_zero_init</name>
         <value>0x247be</value>
         <object_component_ref idref="oc-38c"/>
      </symbol>
      <symbol id="sm-1169">
         <name>__mspabi_srlll</name>
         <value>0x245f6</value>
         <object_component_ref idref="oc-8f1"/>
      </symbol>
      <symbol id="sm-1172">
         <name>_system_pre_init</name>
         <value>0x24984</value>
         <object_component_ref idref="oc-46c"/>
      </symbol>
      <symbol id="sm-117b">
         <name>_system_post_cinit</name>
         <value>0x2498c</value>
         <object_component_ref idref="oc-700"/>
      </symbol>
      <symbol id="sm-118c">
         <name>__TI_decompress_none</name>
         <value>0x24916</value>
         <object_component_ref idref="oc-73"/>
      </symbol>
      <symbol id="sm-11af">
         <name>__TI_decompress_lzss</name>
         <value>0x23d74</value>
         <object_component_ref idref="oc-6d"/>
      </symbol>
      <symbol id="sm-11c9">
         <name>__mspabi_cvtdf</name>
         <value>0x23330</value>
         <object_component_ref idref="oc-5e1"/>
      </symbol>
      <symbol id="sm-1203">
         <name>__mspabi_addd</name>
         <value>0x1b60c</value>
         <object_component_ref idref="oc-5db"/>
      </symbol>
      <symbol id="sm-1222">
         <name>__mspabi_cmpd</name>
         <value>0x230d8</value>
         <object_component_ref idref="oc-5a7"/>
      </symbol>
      <symbol id="sm-1230">
         <name>__mspabi_cvtfd</name>
         <value>0x23ff4</value>
         <object_component_ref idref="oc-5a1"/>
      </symbol>
      <symbol id="sm-1251">
         <name>__mspabi_divd</name>
         <value>0x213aa</value>
         <object_component_ref idref="oc-609"/>
      </symbol>
      <symbol id="sm-125e">
         <name>__mspabi_fixdi</name>
         <value>0x2474c</value>
         <object_component_ref idref="oc-68d"/>
      </symbol>
      <symbol id="sm-126d">
         <name>__mspabi_fixdli</name>
         <value>0x23f2a</value>
         <object_component_ref idref="oc-84f"/>
      </symbol>
      <symbol id="sm-1278">
         <name>__mspabi_fixdu</name>
         <value>0x24904</value>
         <object_component_ref idref="oc-7ff"/>
      </symbol>
      <symbol id="sm-1288">
         <name>__mspabi_fixdul</name>
         <value>0x23e5a</value>
         <object_component_ref idref="oc-94c"/>
      </symbol>
      <symbol id="sm-1291">
         <name>__mspabi_fltid</name>
         <value>0x24958</value>
         <object_component_ref idref="oc-616"/>
      </symbol>
      <symbol id="sm-12a9">
         <name>__mspabi_fltlid</name>
         <value>0x23690</value>
         <object_component_ref idref="oc-777"/>
      </symbol>
      <symbol id="sm-12b2">
         <name>__mspabi_fltud</name>
         <value>0x24978</value>
         <object_component_ref idref="oc-5fe"/>
      </symbol>
      <symbol id="sm-12c7">
         <name>__mspabi_fltuld</name>
         <value>0x23b88</value>
         <object_component_ref idref="oc-767"/>
      </symbol>
      <symbol id="sm-12e2">
         <name>__TI_frcdivd</name>
         <value>0x1f1d2</value>
         <object_component_ref idref="oc-76e"/>
      </symbol>
      <symbol id="sm-1307">
         <name>__mspabi_mpyd</name>
         <value>0x20a12</value>
         <object_component_ref idref="oc-5d3"/>
      </symbol>
      <symbol id="sm-1310">
         <name>__mspabi_negd</name>
         <value>0x24698</value>
         <object_component_ref idref="oc-879"/>
      </symbol>
      <symbol id="sm-1319">
         <name>__mspabi_subd</name>
         <value>0x24666</value>
         <object_component_ref idref="oc-60f"/>
      </symbol>
      <symbol id="sm-1323">
         <name>C$$EXIT</name>
         <value>0x2497e</value>
         <object_component_ref idref="oc-50c"/>
      </symbol>
      <symbol id="sm-1324">
         <name>abort</name>
         <value>0x2497e</value>
         <object_component_ref idref="oc-50c"/>
      </symbol>
      <symbol id="sm-1334">
         <name>memcpy</name>
         <value>0x248f0</value>
         <object_component_ref idref="oc-338"/>
      </symbol>
      <symbol id="sm-1342">
         <name>memset</name>
         <value>0x2489a</value>
         <object_component_ref idref="oc-95f"/>
      </symbol>
      <symbol id="sm-1511">
         <name>__TI_printfi</name>
         <value>0x2076c</value>
         <object_component_ref idref="oc-99f"/>
      </symbol>
      <symbol id="sm-152d">
         <name>frexpl</name>
         <value>0x235ea</value>
         <object_component_ref idref="oc-ae1"/>
      </symbol>
      <symbol id="sm-152e">
         <name>frexp</name>
         <value>0x235ea</value>
         <object_component_ref idref="oc-ae1"/>
      </symbol>
      <symbol id="sm-1547">
         <name>scalbn</name>
         <value>0x22530</value>
         <object_component_ref idref="oc-b11"/>
      </symbol>
      <symbol id="sm-1548">
         <name>scalbnl</name>
         <value>0x22530</value>
         <object_component_ref idref="oc-b11"/>
      </symbol>
      <symbol id="sm-1549">
         <name>ldexpl</name>
         <value>0x22530</value>
         <object_component_ref idref="oc-b11"/>
      </symbol>
      <symbol id="sm-154a">
         <name>ldexp</name>
         <value>0x22530</value>
         <object_component_ref idref="oc-b11"/>
      </symbol>
      <symbol id="sm-1553">
         <name>copysign</name>
         <value>0x246c6</value>
         <object_component_ref idref="oc-b2a"/>
      </symbol>
      <symbol id="sm-1554">
         <name>copysignl</name>
         <value>0x246c6</value>
         <object_component_ref idref="oc-b2a"/>
      </symbol>
      <symbol id="sm-156c">
         <name>wcslen</name>
         <value>0x248c6</value>
         <object_component_ref idref="oc-a36"/>
      </symbol>
      <symbol id="sm-1574">
         <name>__mspabi_sral_15</name>
         <value>0x244c6</value>
         <object_component_ref idref="oc-732"/>
      </symbol>
      <symbol id="sm-1575">
         <name>__mspabi_sral_14</name>
         <value>0x244ca</value>
         <object_component_ref idref="oc-732"/>
      </symbol>
      <symbol id="sm-1576">
         <name>__mspabi_sral_13</name>
         <value>0x244ce</value>
         <object_component_ref idref="oc-732"/>
      </symbol>
      <symbol id="sm-1577">
         <name>__mspabi_sral_12</name>
         <value>0x244d2</value>
         <object_component_ref idref="oc-732"/>
      </symbol>
      <symbol id="sm-1578">
         <name>__mspabi_sral_11</name>
         <value>0x244d6</value>
         <object_component_ref idref="oc-732"/>
      </symbol>
      <symbol id="sm-1579">
         <name>__mspabi_sral_10</name>
         <value>0x244da</value>
         <object_component_ref idref="oc-732"/>
      </symbol>
      <symbol id="sm-157a">
         <name>__mspabi_sral_8</name>
         <value>0x244e2</value>
         <object_component_ref idref="oc-732"/>
      </symbol>
      <symbol id="sm-157b">
         <name>__mspabi_sral_9</name>
         <value>0x244de</value>
         <object_component_ref idref="oc-732"/>
      </symbol>
      <symbol id="sm-157c">
         <name>__mspabi_sral_6</name>
         <value>0x244ea</value>
         <object_component_ref idref="oc-732"/>
      </symbol>
      <symbol id="sm-157d">
         <name>__mspabi_sral_7</name>
         <value>0x244e6</value>
         <object_component_ref idref="oc-732"/>
      </symbol>
      <symbol id="sm-157e">
         <name>__mspabi_sral_4</name>
         <value>0x244f2</value>
         <object_component_ref idref="oc-732"/>
      </symbol>
      <symbol id="sm-157f">
         <name>__mspabi_sral_5</name>
         <value>0x244ee</value>
         <object_component_ref idref="oc-732"/>
      </symbol>
      <symbol id="sm-1580">
         <name>__mspabi_sral_2</name>
         <value>0x244fa</value>
         <object_component_ref idref="oc-732"/>
      </symbol>
      <symbol id="sm-1581">
         <name>__mspabi_sral_3</name>
         <value>0x244f6</value>
         <object_component_ref idref="oc-732"/>
      </symbol>
      <symbol id="sm-1582">
         <name>__mspabi_sral_1</name>
         <value>0x244fe</value>
         <object_component_ref idref="oc-732"/>
      </symbol>
      <symbol id="sm-158a">
         <name>__mspabi_slll_9</name>
         <value>0x2451c</value>
         <object_component_ref idref="oc-75b"/>
      </symbol>
      <symbol id="sm-158b">
         <name>__mspabi_slll_8</name>
         <value>0x24520</value>
         <object_component_ref idref="oc-75b"/>
      </symbol>
      <symbol id="sm-158c">
         <name>__mspabi_slll_7</name>
         <value>0x24524</value>
         <object_component_ref idref="oc-75b"/>
      </symbol>
      <symbol id="sm-158d">
         <name>__mspabi_slll_6</name>
         <value>0x24528</value>
         <object_component_ref idref="oc-75b"/>
      </symbol>
      <symbol id="sm-158e">
         <name>__mspabi_slll_5</name>
         <value>0x2452c</value>
         <object_component_ref idref="oc-75b"/>
      </symbol>
      <symbol id="sm-158f">
         <name>__mspabi_slll_4</name>
         <value>0x24530</value>
         <object_component_ref idref="oc-75b"/>
      </symbol>
      <symbol id="sm-1590">
         <name>__mspabi_slll_3</name>
         <value>0x24534</value>
         <object_component_ref idref="oc-75b"/>
      </symbol>
      <symbol id="sm-1591">
         <name>__mspabi_slll_2</name>
         <value>0x24538</value>
         <object_component_ref idref="oc-75b"/>
      </symbol>
      <symbol id="sm-1592">
         <name>__mspabi_slll_1</name>
         <value>0x2453c</value>
         <object_component_ref idref="oc-75b"/>
      </symbol>
      <symbol id="sm-1593">
         <name>__mspabi_slll_15</name>
         <value>0x24504</value>
         <object_component_ref idref="oc-75b"/>
      </symbol>
      <symbol id="sm-1594">
         <name>__mspabi_slll_14</name>
         <value>0x24508</value>
         <object_component_ref idref="oc-75b"/>
      </symbol>
      <symbol id="sm-1595">
         <name>__mspabi_slll_13</name>
         <value>0x2450c</value>
         <object_component_ref idref="oc-75b"/>
      </symbol>
      <symbol id="sm-1596">
         <name>__mspabi_slll_12</name>
         <value>0x24510</value>
         <object_component_ref idref="oc-75b"/>
      </symbol>
      <symbol id="sm-1597">
         <name>__mspabi_slll_11</name>
         <value>0x24514</value>
         <object_component_ref idref="oc-75b"/>
      </symbol>
      <symbol id="sm-1598">
         <name>__mspabi_slll_10</name>
         <value>0x24518</value>
         <object_component_ref idref="oc-75b"/>
      </symbol>
      <symbol id="sm-15a8">
         <name>__mspabi_srll_8</name>
         <value>0x2455e</value>
         <object_component_ref idref="oc-901"/>
      </symbol>
      <symbol id="sm-15a9">
         <name>__mspabi_srll_9</name>
         <value>0x2455a</value>
         <object_component_ref idref="oc-901"/>
      </symbol>
      <symbol id="sm-15aa">
         <name>__mspabi_srll_6</name>
         <value>0x24566</value>
         <object_component_ref idref="oc-901"/>
      </symbol>
      <symbol id="sm-15ab">
         <name>__mspabi_srll_7</name>
         <value>0x24562</value>
         <object_component_ref idref="oc-901"/>
      </symbol>
      <symbol id="sm-15ac">
         <name>__mspabi_srll_4</name>
         <value>0x2456e</value>
         <object_component_ref idref="oc-901"/>
      </symbol>
      <symbol id="sm-15ad">
         <name>__mspabi_srll_5</name>
         <value>0x2456a</value>
         <object_component_ref idref="oc-901"/>
      </symbol>
      <symbol id="sm-15ae">
         <name>__mspabi_srll_2</name>
         <value>0x24576</value>
         <object_component_ref idref="oc-901"/>
      </symbol>
      <symbol id="sm-15af">
         <name>__mspabi_srll_3</name>
         <value>0x24572</value>
         <object_component_ref idref="oc-901"/>
      </symbol>
      <symbol id="sm-15b0">
         <name>__mspabi_srll_1</name>
         <value>0x2457a</value>
         <object_component_ref idref="oc-901"/>
      </symbol>
      <symbol id="sm-15b1">
         <name>__mspabi_srll_15</name>
         <value>0x24542</value>
         <object_component_ref idref="oc-901"/>
      </symbol>
      <symbol id="sm-15b2">
         <name>__mspabi_srll_14</name>
         <value>0x24546</value>
         <object_component_ref idref="oc-901"/>
      </symbol>
      <symbol id="sm-15b3">
         <name>__mspabi_srll_13</name>
         <value>0x2454a</value>
         <object_component_ref idref="oc-901"/>
      </symbol>
      <symbol id="sm-15b4">
         <name>__mspabi_srll_12</name>
         <value>0x2454e</value>
         <object_component_ref idref="oc-901"/>
      </symbol>
      <symbol id="sm-15b5">
         <name>__mspabi_srll_11</name>
         <value>0x24552</value>
         <object_component_ref idref="oc-901"/>
      </symbol>
      <symbol id="sm-15b6">
         <name>__mspabi_srll_10</name>
         <value>0x24556</value>
         <object_component_ref idref="oc-901"/>
      </symbol>
      <symbol id="sm-15b7">
         <name>__mspabi_srll</name>
         <value>0x2493a</value>
         <object_component_ref idref="oc-968"/>
      </symbol>
      <symbol id="sm-15c5">
         <name>__mspabi_srall</name>
         <value>0x24446</value>
         <object_component_ref idref="oc-74d"/>
      </symbol>
      <symbol id="sm-15d2">
         <name>__mspabi_sllll</name>
         <value>0x245bc</value>
         <object_component_ref idref="oc-753"/>
      </symbol>
      <symbol id="sm-1605">
         <name>__mspabi_divull</name>
         <value>0x20146</value>
         <object_component_ref idref="oc-aae"/>
      </symbol>
      <symbol id="sm-1610">
         <name>__TI_frcmpyd</name>
         <value>0x223cc</value>
         <object_component_ref idref="oc-745"/>
      </symbol>
      <symbol id="sm-161f">
         <name>__TI_ltoa</name>
         <value>0x23b08</value>
         <object_component_ref idref="oc-af9"/>
      </symbol>
      <symbol id="sm-1632">
         <name>atoi</name>
         <value>0x24058</value>
         <object_component_ref idref="oc-a27"/>
      </symbol>
      <symbol id="sm-163c">
         <name>_ctypes_</name>
         <value>0x76dc</value>
         <object_component_ref idref="oc-a5a"/>
      </symbol>
      <symbol id="sm-164b">
         <name>memccpy</name>
         <value>0x24774</value>
         <object_component_ref idref="oc-a13"/>
      </symbol>
      <symbol id="sm-165a">
         <name>strchr</name>
         <value>0x24866</value>
         <object_component_ref idref="oc-b17"/>
      </symbol>
      <symbol id="sm-1667">
         <name>strlen</name>
         <value>0x2494a</value>
         <object_component_ref idref="oc-9bd"/>
      </symbol>
      <symbol id="sm-1674">
         <name>toupper</name>
         <value>0x24928</value>
         <object_component_ref idref="oc-a82"/>
      </symbol>
      <symbol id="sm-167e">
         <name>abs</name>
         <value>0x24964</value>
         <object_component_ref idref="oc-b00"/>
      </symbol>
      <symbol id="sm-1685">
         <name>errno</name>
         <value>0x225a</value>
         <object_component_ref idref="oc-a3c"/>
      </symbol>
   </symbol_table>
   <title>Link successful</title>
</link_info>
